Archive member included to satisfy reference by file (symbol)

c:/st/stm32cubeide_1.6.0/stm32cubeide/plugins/com.st.stm32cube.ide.mcu.externaltools.gnu-tools-for-stm32.9-2020-q2-update.win32_1.5.0.202011040924/tools/bin/../lib/gcc/arm-none-eabi/9.3.1/../../../../arm-none-eabi/lib/thumb/v7-m/nofp\libc_nano.a(lib_a-errno.o)
                              src/bsp/syscalls.o (__errno)
c:/st/stm32cubeide_1.6.0/stm32cubeide/plugins/com.st.stm32cube.ide.mcu.externaltools.gnu-tools-for-stm32.9-2020-q2-update.win32_1.5.0.202011040924/tools/bin/../lib/gcc/arm-none-eabi/9.3.1/../../../../arm-none-eabi/lib/thumb/v7-m/nofp\libc_nano.a(lib_a-exit.o)
                              c:/st/stm32cubeide_1.6.0/stm32cubeide/plugins/com.st.stm32cube.ide.mcu.externaltools.gnu-tools-for-stm32.9-2020-q2-update.win32_1.5.0.202011040924/tools/bin/../lib/gcc/arm-none-eabi/9.3.1/../../../../arm-none-eabi/lib/thumb/v7-m/nofp/crt0.o (exit)
c:/st/stm32cubeide_1.6.0/stm32cubeide/plugins/com.st.stm32cube.ide.mcu.externaltools.gnu-tools-for-stm32.9-2020-q2-update.win32_1.5.0.202011040924/tools/bin/../lib/gcc/arm-none-eabi/9.3.1/../../../../arm-none-eabi/lib/thumb/v7-m/nofp\libc_nano.a(lib_a-impure.o)
                              c:/st/stm32cubeide_1.6.0/stm32cubeide/plugins/com.st.stm32cube.ide.mcu.externaltools.gnu-tools-for-stm32.9-2020-q2-update.win32_1.5.0.202011040924/tools/bin/../lib/gcc/arm-none-eabi/9.3.1/../../../../arm-none-eabi/lib/thumb/v7-m/nofp\libc_nano.a(lib_a-exit.o) (_global_impure_ptr)
c:/st/stm32cubeide_1.6.0/stm32cubeide/plugins/com.st.stm32cube.ide.mcu.externaltools.gnu-tools-for-stm32.9-2020-q2-update.win32_1.5.0.202011040924/tools/bin/../lib/gcc/arm-none-eabi/9.3.1/../../../../arm-none-eabi/lib/thumb/v7-m/nofp\libc_nano.a(lib_a-init.o)
                              c:/st/stm32cubeide_1.6.0/stm32cubeide/plugins/com.st.stm32cube.ide.mcu.externaltools.gnu-tools-for-stm32.9-2020-q2-update.win32_1.5.0.202011040924/tools/bin/../lib/gcc/arm-none-eabi/9.3.1/../../../../arm-none-eabi/lib/thumb/v7-m/nofp/crt0.o (__libc_init_array)
c:/st/stm32cubeide_1.6.0/stm32cubeide/plugins/com.st.stm32cube.ide.mcu.externaltools.gnu-tools-for-stm32.9-2020-q2-update.win32_1.5.0.202011040924/tools/bin/../lib/gcc/arm-none-eabi/9.3.1/../../../../arm-none-eabi/lib/thumb/v7-m/nofp\libc_nano.a(lib_a-memset.o)
                              c:/st/stm32cubeide_1.6.0/stm32cubeide/plugins/com.st.stm32cube.ide.mcu.externaltools.gnu-tools-for-stm32.9-2020-q2-update.win32_1.5.0.202011040924/tools/bin/../lib/gcc/arm-none-eabi/9.3.1/../../../../arm-none-eabi/lib/thumb/v7-m/nofp/crt0.o (memset)
c:/st/stm32cubeide_1.6.0/stm32cubeide/plugins/com.st.stm32cube.ide.mcu.externaltools.gnu-tools-for-stm32.9-2020-q2-update.win32_1.5.0.202011040924/tools/bin/../lib/gcc/arm-none-eabi/9.3.1/../../../../arm-none-eabi/lib/thumb/v7-m/nofp\libc_nano.a(lib_a-vsnprintf.o)
                              src/hw/driver/uart.o (vsnprintf)
c:/st/stm32cubeide_1.6.0/stm32cubeide/plugins/com.st.stm32cube.ide.mcu.externaltools.gnu-tools-for-stm32.9-2020-q2-update.win32_1.5.0.202011040924/tools/bin/../lib/gcc/arm-none-eabi/9.3.1/../../../../arm-none-eabi/lib/thumb/v7-m/nofp\libc_nano.a(lib_a-nano-svfprintf.o)
                              c:/st/stm32cubeide_1.6.0/stm32cubeide/plugins/com.st.stm32cube.ide.mcu.externaltools.gnu-tools-for-stm32.9-2020-q2-update.win32_1.5.0.202011040924/tools/bin/../lib/gcc/arm-none-eabi/9.3.1/../../../../arm-none-eabi/lib/thumb/v7-m/nofp\libc_nano.a(lib_a-vsnprintf.o) (_svfprintf_r)
c:/st/stm32cubeide_1.6.0/stm32cubeide/plugins/com.st.stm32cube.ide.mcu.externaltools.gnu-tools-for-stm32.9-2020-q2-update.win32_1.5.0.202011040924/tools/bin/../lib/gcc/arm-none-eabi/9.3.1/../../../../arm-none-eabi/lib/thumb/v7-m/nofp\libc_nano.a(lib_a-nano-vfprintf_i.o)
                              c:/st/stm32cubeide_1.6.0/stm32cubeide/plugins/com.st.stm32cube.ide.mcu.externaltools.gnu-tools-for-stm32.9-2020-q2-update.win32_1.5.0.202011040924/tools/bin/../lib/gcc/arm-none-eabi/9.3.1/../../../../arm-none-eabi/lib/thumb/v7-m/nofp\libc_nano.a(lib_a-nano-svfprintf.o) (_printf_i)
c:/st/stm32cubeide_1.6.0/stm32cubeide/plugins/com.st.stm32cube.ide.mcu.externaltools.gnu-tools-for-stm32.9-2020-q2-update.win32_1.5.0.202011040924/tools/bin/../lib/gcc/arm-none-eabi/9.3.1/../../../../arm-none-eabi/lib/thumb/v7-m/nofp\libc_nano.a(lib_a-memchr-stub.o)
                              c:/st/stm32cubeide_1.6.0/stm32cubeide/plugins/com.st.stm32cube.ide.mcu.externaltools.gnu-tools-for-stm32.9-2020-q2-update.win32_1.5.0.202011040924/tools/bin/../lib/gcc/arm-none-eabi/9.3.1/../../../../arm-none-eabi/lib/thumb/v7-m/nofp\libc_nano.a(lib_a-nano-svfprintf.o) (memchr)
c:/st/stm32cubeide_1.6.0/stm32cubeide/plugins/com.st.stm32cube.ide.mcu.externaltools.gnu-tools-for-stm32.9-2020-q2-update.win32_1.5.0.202011040924/tools/bin/../lib/gcc/arm-none-eabi/9.3.1/../../../../arm-none-eabi/lib/thumb/v7-m/nofp\libc_nano.a(lib_a-memcpy-stub.o)
[...]
Memory Configuration

Name             Origin             Length             Attributes
RAM              0x0000000020000000 0x0000000000005000 xrw
FLASH            0x0000000008000000 0x0000000000010000 xr
*default*        0x0000000000000000 0xffffffffffffffff

Linker script and memory map

LOAD c:/st/stm32cubeide_1.6.0/stm32cubeide/plugins/com.st.stm32cube.ide.mcu.externaltools.gnu-tools-for-stm32.9-2020-q2-update.win32_1.5.0.202011040924/tools/bin/../lib/gcc/arm-none-eabi/9.3.1/thumb/v7-m/nofp/crti.o
LOAD c:/st/stm32cubeide_1.6.0/stm32cubeide/plugins/com.st.stm32cube.ide.mcu.externaltools.gnu-tools-for-stm32.9-2020-q2-update.win32_1.5.0.202011040924/tools/bin/../lib/gcc/arm-none-eabi/9.3.1/thumb/v7-m/nofp/crtbegin.o
LOAD c:/st/stm32cubeide_1.6.0/stm32cubeide/plugins/com.st.stm32cube.ide.mcu.externaltools.gnu-tools-for-stm32.9-2020-q2-update.win32_1.5.0.202011040924/tools/bin/../lib/gcc/arm-none-eabi/9.3.1/../../../../arm-none-eabi/lib/thumb/v7-m/nofp/crt0.o
LOAD src/ap/ap.o
LOAD src/bsp/bsp.o
LOAD src/bsp/stm32f1xx_hal_msp.o
LOAD src/bsp/stm32f1xx_it.o
LOAD src/bsp/syscalls.o
LOAD src/bsp/sysmem.o
LOAD src/bsp/system_stm32f1xx.o
LOAD src/bsp/startup/startup_stm32f103c8tx.o
LOAD src/common/core/qbuffer.o
LOAD src/hw/driver/dfplayer.o
LOAD src/hw/driver/gpio.o
LOAD src/hw/driver/led.o
LOAD src/hw/driver/nrf24l01.o
LOAD src/hw/driver/spi.o
LOAD src/hw/driver/uart.o
LOAD src/hw/hw.o
LOAD src/lib/cub_f1013c8/Drivers/STM32F1xx_HAL_Driver/Src/stm32f1xx_hal.o
LOAD src/lib/cub_f1013c8/Drivers/STM32F1xx_HAL_Driver/Src/stm32f1xx_hal_cortex.o
LOAD src/lib/cub_f1013c8/Drivers/STM32F1xx_HAL_Driver/Src/stm32f1xx_hal_dma.o
LOAD src/lib/cub_f1013c8/Drivers/STM32F1xx_HAL_Driver/Src/stm32f1xx_hal_exti.o
LOAD src/lib/cub_f1013c8/Drivers/STM32F1xx_HAL_Driver/Src/stm32f1xx_hal_flash.o
LOAD src/lib/cub_f1013c8/Drivers/STM32F1xx_HAL_Driver/Src/stm32f1xx_hal_flash_ex.o
LOAD src/lib/cub_f1013c8/Drivers/STM32F1xx_HAL_Driver/Src/stm32f1xx_hal_gpio.o
LOAD src/lib/cub_f1013c8/Drivers/STM32F1xx_HAL_Driver/Src/stm32f1xx_hal_gpio_ex.o
LOAD src/lib/cub_f1013c8/Drivers/STM32F1xx_HAL_Driver/Src/stm32f1xx_hal_pwr.o
LOAD src/lib/cub_f1013c8/Drivers/STM32F1xx_HAL_Driver/Src/stm32f1xx_hal_rcc.o
LOAD src/lib/cub_f1013c8/Drivers/STM32F1xx_HAL_Driver/Src/stm32f1xx_hal_rcc_ex.o
LOAD src/lib/cub_f1013c8/Drivers/STM32F1xx_HAL_Driver/Src/stm32f1xx_hal_spi.o
LOAD src/lib/cub_f1013c8/Drivers/STM32F1xx_HAL_Driver/Src/stm32f1xx_hal_tim.o
LOAD src/lib/cub_f1013c8/Drivers/STM32F1xx_HAL_Driver/Src/stm32f1xx_hal_tim_ex.o
LOAD src/lib/cub_f1013c8/Drivers/STM32F1xx_HAL_Driver/Src/stm32f1xx_hal_uart.o
LOAD src/main.o
START GROUP
LOAD c:/st/stm32cubeide_1.6.0/stm32cubeide/plugins/com.st.stm32cube.ide.mcu.externaltools.gnu-tools-for-stm32.9-2020-q2-update.win32_1.5.0.202011040924/tools/bin/../lib/gcc/arm-none-eabi/9.3.1/../../../../arm-none-eabi/lib/thumb/v7-m/nofp\libc_nano.a
LOAD c:/st/stm32cubeide_1.6.0/stm32cubeide/plugins/com.st.stm32cube.ide.mcu.externaltools.gnu-tools-for-stm32.9-2020-q2-update.win32_1.5.0.202011040924/tools/bin/../lib/gcc/arm-none-eabi/9.3.1/../../../../arm-none-eabi/lib/thumb/v7-m/nofp\libm.a
END GROUP
START GROUP
LOAD c:/st/stm32cubeide_1.6.0/stm32cubeide/plugins/com.st.stm32cube.ide.mcu.externaltools.gnu-tools-for-stm32.9-2020-q2-update.win32_1.5.0.202011040924/tools/bin/../lib/gcc/arm-none-eabi/9.3.1/thumb/v7-m/nofp\libgcc.a
LOAD c:/st/stm32cubeide_1.6.0/stm32cubeide/plugins/com.st.stm32cube.ide.mcu.externaltools.gnu-tools-for-stm32.9-2020-q2-update.win32_1.5.0.202011040924/tools/bin/../lib/gcc/arm-none-eabi/9.3.1/../../../../arm-none-eabi/lib/thumb/v7-m/nofp\libc_nano.a
END GROUP
START GROUP
LOAD c:/st/stm32cubeide_1.6.0/stm32cubeide/plugins/com.st.stm32cube.ide.mcu.externaltools.gnu-tools-for-stm32.9-2020-q2-update.win32_1.5.0.202011040924/tools/bin/../lib/gcc/arm-none-eabi/9.3.1/thumb/v7-m/nofp\libgcc.a
LOAD c:/st/stm32cubeide_1.6.0/stm32cubeide/plugins/com.st.stm32cube.ide.mcu.externaltools.gnu-tools-for-stm32.9-2020-q2-update.win32_1.5.0.202011040924/tools/bin/../lib/gcc/arm-none-eabi/9.3.1/../../../../arm-none-eabi/lib/thumb/v7-m/nofp\libc_nano.a
LOAD c:/st/stm32cubeide_1.6.0/stm32cubeide/plugins/com.st.stm32cube.ide.mcu.externaltools.gnu-tools-for-stm32.9-2020-q2-update.win32_1.5.0.202011040924/tools/bin/../lib/gcc/arm-none-eabi/9.3.1/../../../../arm-none-eabi/lib/thumb/v7-m/nofp\libnosys.a
END GROUP
START GROUP
LOAD c:/st/stm32cubeide_1.6.0/stm32cubeide/plugins/com.st.stm32cube.ide.mcu.externaltools.gnu-tools-for-stm32.9-2020-q2-update.win32_1.5.0.202011040924/tools/bin/../lib/gcc/arm-none-eabi/9.3.1/thumb/v7-m/nofp\libgcc.a
LOAD c:/st/stm32cubeide_1.6.0/stm32cubeide/plugins/com.st.stm32cube.ide.mcu.externaltools.gnu-tools-for-stm32.9-2020-q2-update.win32_1.5.0.202011040924/tools/bin/../lib/gcc/arm-none-eabi/9.3.1/../../../../arm-none-eabi/lib/thumb/v7-m/nofp\libc_nano.a
LOAD c:/st/stm32cubeide_1.6.0/stm32cubeide/plugins/com.st.stm32cube.ide.mcu.externaltools.gnu-tools-for-stm32.9-2020-q2-update.win32_1.5.0.202011040924/tools/bin/../lib/gcc/arm-none-eabi/9.3.1/../../../../arm-none-eabi/lib/thumb/v7-m/nofp\libnosys.a
END GROUP
LOAD c:/st/stm32cubeide_1.6.0/stm32cubeide/plugins/com.st.stm32cube.ide.mcu.externaltools.gnu-tools-for-stm32.9-2020-q2-update.win32_1.5.0.202011040924/tools/bin/../lib/gcc/arm-none-eabi/9.3.1/thumb/v7-m/nofp/crtend.o
LOAD c:/st/stm32cubeide_1.6.0/stm32cubeide/plugins/com.st.stm32cube.ide.mcu.externaltools.gnu-tools-for-stm32.9-2020-q2-update.win32_1.5.0.202011040924/tools/bin/../lib/gcc/arm-none-eabi/9.3.1/thumb/v7-m/nofp/crtn.o
                0x0000000020005000                _estack = (ORIGIN (RAM) + LENGTH (RAM))
                0x0000000000000200                _Min_Heap_Size = 0x200
                0x0000000000000400                _Min_Stack_Size = 0x400

.isr_vector     0x0000000008000000      0x10c
                0x0000000008000000                . = ALIGN (0x4)
 *(.isr_vector)
 .isr_vector    0x0000000008000000      0x10c src/bsp/startup/startup_stm32f103c8tx.o
                0x0000000008000000                g_pfnVectors
                0x000000000800010c                . = ALIGN (0x4)

.text           0x000000000800010c     0x43c8
                0x000000000800010c                . = ALIGN (0x4)
 *(.text)
 .text          0x000000000800010c       0x40 c:/st/stm32cubeide_1.6.0/stm32cubeide/plugins/com.st.stm32cube.ide.mcu.externaltools.gnu-tools-for-stm32.9-2020-q2-update.win32_1.5.0.202011040924/tools/bin/../lib/gcc/arm-none-eabi/9.3.1/thumb/v7-m/nofp/crtbegin.o
 *(.text*)
 .text.apInit   0x000000000800014c       0x1c src/ap/ap.o
                0x000000000800014c                apInit
 .text.apNRF24L01RxTest
                0x0000000008000168       0x7c src/ap/ap.o
                0x0000000008000168                apNRF24L01RxTest
 .text.bspInit  0x00000000080001e4       0x7c src/bsp/bsp.o
                0x00000000080001e4                bspInit
 .text.delay_ms
                0x0000000008000260       0x16 src/bsp/bsp.o
                0x0000000008000260                delay_ms
 .text.millis   0x0000000008000276        0xe src/bsp/bsp.o
                0x0000000008000276                millis
 .text.SystemClock_Config
                0x0000000008000284       0x8a src/bsp/bsp.o
                0x0000000008000284                SystemClock_Config
 .text.Error_Handler
                0x000000000800030e        0xa src/bsp/bsp.o
                0x000000000800030e                Error_Handler
 .text.HAL_MspInit
                0x0000000008000318       0x64 src/bsp/stm32f1xx_hal_msp.o
                0x0000000008000318                HAL_MspInit
 .text.NMI_Handler
                0x000000000800037c        0x6 src/bsp/stm32f1xx_it.o
                0x000000000800037c                NMI_Handler
 .text.HardFault_Handler
                0x0000000008000382        0x6 src/bsp/stm32f1xx_it.o
                0x0000000008000382                HardFault_Handler
 .text.MemManage_Handler
                0x0000000008000388        0x6 src/bsp/stm32f1xx_it.o
                0x0000000008000388                MemManage_Handler
 .text.BusFault_Handler
                0x000000000800038e        0x6 src/bsp/stm32f1xx_it.o
                0x000000000800038e                BusFault_Handler
 .text.UsageFault_Handler
                0x0000000008000394        0x6 src/bsp/stm32f1xx_it.o
                0x0000000008000394                UsageFault_Handler
 .text.SVC_Handler
                0x000000000800039a        0xc src/bsp/stm32f1xx_it.o
                0x000000000800039a                SVC_Handler
 .text.DebugMon_Handler
                0x00000000080003a6        0xc src/bsp/stm32f1xx_it.o
                0x00000000080003a6                DebugMon_Handler
 .text.PendSV_Handler
                0x00000000080003b2        0xc src/bsp/stm32f1xx_it.o
                0x00000000080003b2                PendSV_Handler
 .text.SysTick_Handler
                0x00000000080003be        0xc src/bsp/stm32f1xx_it.o
                0x00000000080003be                SysTick_Handler
 *fill*         0x00000000080003ca        0x2 
 .text.DMA1_Channel4_IRQHandler
                0x00000000080003cc       0x14 src/bsp/stm32f1xx_it.o
                0x00000000080003cc                DMA1_Channel4_IRQHandler
 .text.DMA1_Channel5_IRQHandler
                0x00000000080003e0       0x14 src/bsp/stm32f1xx_it.o
                0x00000000080003e0                DMA1_Channel5_IRQHandler
 .text.DMA1_Channel6_IRQHandler
                0x00000000080003f4       0x14 src/bsp/stm32f1xx_it.o
                0x00000000080003f4                DMA1_Channel6_IRQHandler
 .text.DMA1_Channel7_IRQHandler
                0x0000000008000408       0x14 src/bsp/stm32f1xx_it.o
                0x0000000008000408                DMA1_Channel7_IRQHandler
 .text.USART1_IRQHandler
                0x000000000800041c       0x14 src/bsp/stm32f1xx_it.o
                0x000000000800041c                USART1_IRQHandler
 .text.USART2_IRQHandler
                0x0000000008000430       0x14 src/bsp/stm32f1xx_it.o
                0x0000000008000430                USART2_IRQHandler
 .text._sbrk    0x0000000008000444       0x6c src/bsp/sysmem.o
                0x0000000008000444                _sbrk
 .text.SystemInit
                0x00000000080004b0        0xc src/bsp/system_stm32f1xx.o
                0x00000000080004b0                SystemInit
 .text.Reset_Handler
                0x00000000080004bc       0x48 src/bsp/startup/startup_stm32f103c8tx.o
                0x00000000080004bc                Reset_Handler
 .text.Default_Handler
                0x0000000008000504        0x2 src/bsp/startup/startup_stm32f103c8tx.o
                0x0000000008000504                RTC_Alarm_IRQHandler
                0x0000000008000504                EXTI2_IRQHandler
                0x0000000008000504                TIM1_CC_IRQHandler
                0x0000000008000504                PVD_IRQHandler
                0x0000000008000504                EXTI3_IRQHandler
                0x0000000008000504                EXTI0_IRQHandler
                0x0000000008000504                I2C2_EV_IRQHandler
                0x0000000008000504                ADC1_2_IRQHandler
                0x0000000008000504                SPI1_IRQHandler
                0x0000000008000504                TAMPER_IRQHandler
                0x0000000008000504                USART3_IRQHandler
                0x0000000008000504                RTC_IRQHandler
                0x0000000008000504                CAN1_RX1_IRQHandler
                0x0000000008000504                TIM4_IRQHandler
                0x0000000008000504                I2C1_EV_IRQHandler
                0x0000000008000504                TIM3_IRQHandler
                0x0000000008000504                RCC_IRQHandler
                0x0000000008000504                TIM1_TRG_COM_IRQHandler
                0x0000000008000504                DMA1_Channel1_IRQHandler
                0x0000000008000504                Default_Handler
                0x0000000008000504                EXTI15_10_IRQHandler
                0x0000000008000504                EXTI9_5_IRQHandler
                0x0000000008000504                SPI2_IRQHandler
                0x0000000008000504                EXTI4_IRQHandler
                0x0000000008000504                USB_LP_CAN1_RX0_IRQHandler
                0x0000000008000504                USB_HP_CAN1_TX_IRQHandler
                0x0000000008000504                DMA1_Channel3_IRQHandler
                0x0000000008000504                TIM1_UP_IRQHandler
                0x0000000008000504                WWDG_IRQHandler
                0x0000000008000504                TIM2_IRQHandler
                0x0000000008000504                TIM1_BRK_IRQHandler
                0x0000000008000504                EXTI1_IRQHandler
                0x0000000008000504                I2C2_ER_IRQHandler
                0x0000000008000504                DMA1_Channel2_IRQHandler
                0x0000000008000504                CAN1_SCE_IRQHandler
                0x0000000008000504                FLASH_IRQHandler
                0x0000000008000504                I2C1_ER_IRQHandler
                0x0000000008000504                USBWakeUp_IRQHandler
 .text.qbufferCreate
                0x0000000008000506       0x34 src/common/core/qbuffer.o
                0x0000000008000506                qbufferCreate
 .text.dfplayer_Init
                0x000000000800053a       0x10 src/hw/driver/dfplayer.o
                0x000000000800053a                dfplayer_Init
 *fill*         0x000000000800054a        0x2 
 .text.gpioInit
                0x000000000800054c       0x64 src/hw/driver/gpio.o
                0x000000000800054c                gpioInit
 .text.gpioPinMode
                0x00000000080005b0       0xd0 src/hw/driver/gpio.o
                0x00000000080005b0                gpioPinMode
 .text.gpioPinWrite
                0x0000000008000680       0xa0 src/hw/driver/gpio.o
                0x0000000008000680                gpioPinWrite
 .text.ledInit  0x0000000008000720       0x6c src/hw/driver/led.o
                0x0000000008000720                ledInit
 .text.ledOff   0x000000000800078c       0x40 src/hw/driver/led.o
                0x000000000800078c                ledOff
 .text.NRF24L01_Init
                0x00000000080007cc       0x64 src/hw/driver/nrf24l01.o
                0x00000000080007cc                NRF24L01_Init
 .text.SPI1_SetSpeed
                0x0000000008000830       0x5c src/hw/driver/nrf24l01.o
                0x0000000008000830                SPI1_SetSpeed
 .text.SPIx_ReadWriteByte
                0x000000000800088c       0x38 src/hw/driver/nrf24l01.o
                0x000000000800088c                SPIx_ReadWriteByte
 .text.NRF24L01_Check
                0x00000000080008c4       0x70 src/hw/driver/nrf24l01.o
                0x00000000080008c4                NRF24L01_Check
 .text.NRF24L01_Write_Reg
                0x0000000008000934       0x50 src/hw/driver/nrf24l01.o
                0x0000000008000934                NRF24L01_Write_Reg
 .text.NRF24L01_Read_Reg
                0x0000000008000984       0x48 src/hw/driver/nrf24l01.o
                0x0000000008000984                NRF24L01_Read_Reg
 .text.NRF24L01_Read_Buf
                0x00000000080009cc       0x6c src/hw/driver/nrf24l01.o
                0x00000000080009cc                NRF24L01_Read_Buf
 .text.NRF24L01_Write_Buf
                0x0000000008000a38       0x68 src/hw/driver/nrf24l01.o
                0x0000000008000a38                NRF24L01_Write_Buf
 .text.NRF24L01_RxPacket
                0x0000000008000aa0       0x4c src/hw/driver/nrf24l01.o
                0x0000000008000aa0                NRF24L01_RxPacket
 .text.NRF24L01_RX_Mode
                0x0000000008000aec       0x64 src/hw/driver/nrf24l01.o
                0x0000000008000aec                NRF24L01_RX_Mode
 .text.MX_SPI1_Init
                0x0000000008000b50       0x6c src/hw/driver/spi.o
                0x0000000008000b50                MX_SPI1_Init
 .text.HAL_SPI_MspInit
                0x0000000008000bbc       0x94 src/hw/driver/spi.o
                0x0000000008000bbc                HAL_SPI_MspInit
 .text.uartInit
                0x0000000008000c50       0x34 src/hw/driver/uart.o
                0x0000000008000c50                uartInit
 .text.uartOpen
                0x0000000008000c84      0x228 src/hw/driver/uart.o
                0x0000000008000c84                uartOpen
 .text.uartWrite
                0x0000000008000eac      0x104 src/hw/driver/uart.o
                0x0000000008000eac                uartWrite
 .text.uartPrintf
                0x0000000008000fb0       0x5c src/hw/driver/uart.o
                0x0000000008000fb0                uartPrintf
 .text.HAL_UART_ErrorCallback
                0x000000000800100c       0x12 src/hw/driver/uart.o
                0x000000000800100c                HAL_UART_ErrorCallback
 .text.HAL_UART_RxCpltCallback
                0x000000000800101e       0x12 src/hw/driver/uart.o
                0x000000000800101e                HAL_UART_RxCpltCallback
 .text.HAL_UART_TxCpltCallback
                0x0000000008001030       0x12 src/hw/driver/uart.o
                0x0000000008001030                HAL_UART_TxCpltCallback
 *fill*         0x0000000008001042        0x2 
 .text.HAL_UART_MspInit
                0x0000000008001044      0x264 src/hw/driver/uart.o
                0x0000000008001044                HAL_UART_MspInit
 .text.HAL_UART_MspDeInit
                0x00000000080012a8       0x94 src/hw/driver/uart.o
                0x00000000080012a8                HAL_UART_MspDeInit
 .text.hwInit   0x000000000800133c       0x24 src/hw/hw.o
                0x000000000800133c                hwInit
 .text.HAL_Init
                0x0000000008001360       0x2c src/lib/cub_f1013c8/Drivers/STM32F1xx_HAL_Driver/Src/stm32f1xx_hal.o
                0x0000000008001360                HAL_Init
 .text.HAL_InitTick
                0x000000000800138c       0x60 src/lib/cub_f1013c8/Drivers/STM32F1xx_HAL_Driver/Src/stm32f1xx_hal.o
                0x000000000800138c                HAL_InitTick
 .text.HAL_IncTick
                0x00000000080013ec       0x24 src/lib/cub_f1013c8/Drivers/STM32F1xx_HAL_Driver/Src/stm32f1xx_hal.o
                0x00000000080013ec                HAL_IncTick
 .text.HAL_GetTick
                0x0000000008001410       0x14 src/lib/cub_f1013c8/Drivers/STM32F1xx_HAL_Driver/Src/stm32f1xx_hal.o
                0x0000000008001410                HAL_GetTick
 .text.HAL_Delay
                0x0000000008001424       0x48 src/lib/cub_f1013c8/Drivers/STM32F1xx_HAL_Driver/Src/stm32f1xx_hal.o
                0x0000000008001424                HAL_Delay
 .text.__NVIC_SetPriorityGrouping
                0x000000000800146c       0x48 src/lib/cub_f1013c8/Drivers/STM32F1xx_HAL_Driver/Src/stm32f1xx_hal_cortex.o
 .text.__NVIC_GetPriorityGrouping
                0x00000000080014b4       0x1c src/lib/cub_f1013c8/Drivers/STM32F1xx_HAL_Driver/Src/stm32f1xx_hal_cortex.o
 .text.__NVIC_EnableIRQ
                0x00000000080014d0       0x38 src/lib/cub_f1013c8/Drivers/STM32F1xx_HAL_Driver/Src/stm32f1xx_hal_cortex.o
 .text.__NVIC_DisableIRQ
                0x0000000008001508       0x48 src/lib/cub_f1013c8/Drivers/STM32F1xx_HAL_Driver/Src/stm32f1xx_hal_cortex.o
 .text.__NVIC_SetPriority
                0x0000000008001550       0x54 src/lib/cub_f1013c8/Drivers/STM32F1xx_HAL_Driver/Src/stm32f1xx_hal_cortex.o
 .text.NVIC_EncodePriority
                0x00000000080015a4       0x64 src/lib/cub_f1013c8/Drivers/STM32F1xx_HAL_Driver/Src/stm32f1xx_hal_cortex.o
 .text.SysTick_Config
                0x0000000008001608       0x44 src/lib/cub_f1013c8/Drivers/STM32F1xx_HAL_Driver/Src/stm32f1xx_hal_cortex.o
 .text.HAL_NVIC_SetPriorityGrouping
                0x000000000800164c       0x16 src/lib/cub_f1013c8/Drivers/STM32F1xx_HAL_Driver/Src/stm32f1xx_hal_cortex.o
                0x000000000800164c                HAL_NVIC_SetPriorityGrouping
 .text.HAL_NVIC_SetPriority
                0x0000000008001662       0x38 src/lib/cub_f1013c8/Drivers/STM32F1xx_HAL_Driver/Src/stm32f1xx_hal_cortex.o
                0x0000000008001662                HAL_NVIC_SetPriority
 .text.HAL_NVIC_EnableIRQ
                0x000000000800169a       0x1c src/lib/cub_f1013c8/Drivers/STM32F1xx_HAL_Driver/Src/stm32f1xx_hal_cortex.o
                0x000000000800169a                HAL_NVIC_EnableIRQ
 .text.HAL_NVIC_DisableIRQ
                0x00000000080016b6       0x1c src/lib/cub_f1013c8/Drivers/STM32F1xx_HAL_Driver/Src/stm32f1xx_hal_cortex.o
                0x00000000080016b6                HAL_NVIC_DisableIRQ
 .text.HAL_SYSTICK_Config
                0x00000000080016d2       0x18 src/lib/cub_f1013c8/Drivers/STM32F1xx_HAL_Driver/Src/stm32f1xx_hal_cortex.o
                0x00000000080016d2                HAL_SYSTICK_Config
 *fill*         0x00000000080016ea        0x2 
 .text.HAL_DMA_Init
                0x00000000080016ec       0xb4 src/lib/cub_f1013c8/Drivers/STM32F1xx_HAL_Driver/Src/stm32f1xx_hal_dma.o
                0x00000000080016ec                HAL_DMA_Init
 .text.HAL_DMA_DeInit
                0x00000000080017a0       0xb8 src/lib/cub_f1013c8/Drivers/STM32F1xx_HAL_Driver/Src/stm32f1xx_hal_dma.o
                0x00000000080017a0                HAL_DMA_DeInit
 .text.HAL_DMA_Start_IT
                0x0000000008001858       0xbe src/lib/cub_f1013c8/Drivers/STM32F1xx_HAL_Driver/Src/stm32f1xx_hal_dma.o
                0x0000000008001858                HAL_DMA_Start_IT
 .text.HAL_DMA_Abort
                0x0000000008001916       0x74 src/lib/cub_f1013c8/Drivers/STM32F1xx_HAL_Driver/Src/stm32f1xx_hal_dma.o
                0x0000000008001916                HAL_DMA_Abort
 *fill*         0x000000000800198a        0x2 
 .text.HAL_DMA_Abort_IT
                0x000000000800198c       0xec src/lib/cub_f1013c8/Drivers/STM32F1xx_HAL_Driver/Src/stm32f1xx_hal_dma.o
                0x000000000800198c                HAL_DMA_Abort_IT
 .text.HAL_DMA_IRQHandler
                0x0000000008001a78      0x20c src/lib/cub_f1013c8/Drivers/STM32F1xx_HAL_Driver/Src/stm32f1xx_hal_dma.o
                0x0000000008001a78                HAL_DMA_IRQHandler
 .text.DMA_SetConfig
                0x0000000008001c84       0x5a src/lib/cub_f1013c8/Drivers/STM32F1xx_HAL_Driver/Src/stm32f1xx_hal_dma.o
 *fill*         0x0000000008001cde        0x2 
 .text.HAL_GPIO_Init
                0x0000000008001ce0      0x308 src/lib/cub_f1013c8/Drivers/STM32F1xx_HAL_Driver/Src/stm32f1xx_hal_gpio.o
                0x0000000008001ce0                HAL_GPIO_Init
 .text.HAL_GPIO_DeInit
                0x0000000008001fe8      0x178 src/lib/cub_f1013c8/Drivers/STM32F1xx_HAL_Driver/Src/stm32f1xx_hal_gpio.o
                0x0000000008001fe8                HAL_GPIO_DeInit
 .text.HAL_GPIO_WritePin
                0x0000000008002160       0x30 src/lib/cub_f1013c8/Drivers/STM32F1xx_HAL_Driver/Src/stm32f1xx_hal_gpio.o
                0x0000000008002160                HAL_GPIO_WritePin
 .text.HAL_RCC_OscConfig
                0x0000000008002190      0x500 src/lib/cub_f1013c8/Drivers/STM32F1xx_HAL_Driver/Src/stm32f1xx_hal_rcc.o
                0x0000000008002190                HAL_RCC_OscConfig
 .text.HAL_RCC_ClockConfig
                0x0000000008002690      0x1d4 src/lib/cub_f1013c8/Drivers/STM32F1xx_HAL_Driver/Src/stm32f1xx_hal_rcc.o
                0x0000000008002690                HAL_RCC_ClockConfig
 .text.HAL_RCC_GetSysClockFreq
                0x0000000008002864       0xc0 src/lib/cub_f1013c8/Drivers/STM32F1xx_HAL_Driver/Src/stm32f1xx_hal_rcc.o
                0x0000000008002864                HAL_RCC_GetSysClockFreq
 .text.HAL_RCC_GetHCLKFreq
                0x0000000008002924       0x14 src/lib/cub_f1013c8/Drivers/STM32F1xx_HAL_Driver/Src/stm32f1xx_hal_rcc.o
                0x0000000008002924                HAL_RCC_GetHCLKFreq
 .text.HAL_RCC_GetPCLK1Freq
                0x0000000008002938       0x28 src/lib/cub_f1013c8/Drivers/STM32F1xx_HAL_Driver/Src/stm32f1xx_hal_rcc.o
                0x0000000008002938                HAL_RCC_GetPCLK1Freq
 .text.HAL_RCC_GetPCLK2Freq
                0x0000000008002960       0x28 src/lib/cub_f1013c8/Drivers/STM32F1xx_HAL_Driver/Src/stm32f1xx_hal_rcc.o
                0x0000000008002960                HAL_RCC_GetPCLK2Freq
 .text.RCC_Delay
                0x0000000008002988       0x3c src/lib/cub_f1013c8/Drivers/STM32F1xx_HAL_Driver/Src/stm32f1xx_hal_rcc.o
 .text.HAL_SPI_Init
                0x00000000080029c4      0x108 src/lib/cub_f1013c8/Drivers/STM32F1xx_HAL_Driver/Src/stm32f1xx_hal_spi.o
                0x00000000080029c4                HAL_SPI_Init
 .text.HAL_SPI_TransmitReceive
                0x0000000008002acc      0x344 src/lib/cub_f1013c8/Drivers/STM32F1xx_HAL_Driver/Src/stm32f1xx_hal_spi.o
                0x0000000008002acc                HAL_SPI_TransmitReceive
 .text.SPI_WaitFlagStateUntilTimeout
                0x0000000008002e10      0x110 src/lib/cub_f1013c8/Drivers/STM32F1xx_HAL_Driver/Src/stm32f1xx_hal_spi.o
 .text.SPI_EndRxTxTransaction
                0x0000000008002f20       0x3c src/lib/cub_f1013c8/Drivers/STM32F1xx_HAL_Driver/Src/stm32f1xx_hal_spi.o
 .text.HAL_UART_Init
                0x0000000008002f5c       0x9a src/lib/cub_f1013c8/Drivers/STM32F1xx_HAL_Driver/Src/stm32f1xx_hal_uart.o
                0x0000000008002f5c                HAL_UART_Init
 .text.HAL_UART_DeInit
                0x0000000008002ff6       0x5e src/lib/cub_f1013c8/Drivers/STM32F1xx_HAL_Driver/Src/stm32f1xx_hal_uart.o
                0x0000000008002ff6                HAL_UART_DeInit
 .text.HAL_UART_Transmit_DMA
                0x0000000008003054       0xd8 src/lib/cub_f1013c8/Drivers/STM32F1xx_HAL_Driver/Src/stm32f1xx_hal_uart.o
                0x0000000008003054                HAL_UART_Transmit_DMA
 .text.HAL_UART_Receive_DMA
                0x000000000800312c       0x60 src/lib/cub_f1013c8/Drivers/STM32F1xx_HAL_Driver/Src/stm32f1xx_hal_uart.o
                0x000000000800312c                HAL_UART_Receive_DMA
 .text.HAL_UART_IRQHandler
                0x000000000800318c      0x354 src/lib/cub_f1013c8/Drivers/STM32F1xx_HAL_Driver/Src/stm32f1xx_hal_uart.o
                0x000000000800318c                HAL_UART_IRQHandler
 .text.HAL_UART_TxHalfCpltCallback
                0x00000000080034e0       0x12 src/lib/cub_f1013c8/Drivers/STM32F1xx_HAL_Driver/Src/stm32f1xx_hal_uart.o
                0x00000000080034e0                HAL_UART_TxHalfCpltCallback
 .text.HAL_UART_RxHalfCpltCallback
                0x00000000080034f2       0x12 src/lib/cub_f1013c8/Drivers/STM32F1xx_HAL_Driver/Src/stm32f1xx_hal_uart.o
                0x00000000080034f2                HAL_UART_RxHalfCpltCallback
 .text.HAL_UARTEx_RxEventCallback
                0x0000000008003504       0x16 src/lib/cub_f1013c8/Drivers/STM32F1xx_HAL_Driver/Src/stm32f1xx_hal_uart.o
                0x0000000008003504                HAL_UARTEx_RxEventCallback
 .text.UART_DMATransmitCplt
                0x000000000800351a       0x52 src/lib/cub_f1013c8/Drivers/STM32F1xx_HAL_Driver/Src/stm32f1xx_hal_uart.o
 .text.UART_DMATxHalfCplt
                0x000000000800356c       0x1c src/lib/cub_f1013c8/Drivers/STM32F1xx_HAL_Driver/Src/stm32f1xx_hal_uart.o
 .text.UART_DMAReceiveCplt
                0x0000000008003588       0x96 src/lib/cub_f1013c8/Drivers/STM32F1xx_HAL_Driver/Src/stm32f1xx_hal_uart.o
 .text.UART_DMARxHalfCplt
                0x000000000800361e       0x36 src/lib/cub_f1013c8/Drivers/STM32F1xx_HAL_Driver/Src/stm32f1xx_hal_uart.o
 .text.UART_DMAError
                0x0000000008003654       0x94 src/lib/cub_f1013c8/Drivers/STM32F1xx_HAL_Driver/Src/stm32f1xx_hal_uart.o
 .text.UART_Start_Receive_DMA
                0x00000000080036e8       0xc8 src/lib/cub_f1013c8/Drivers/STM32F1xx_HAL_Driver/Src/stm32f1xx_hal_uart.o
                0x00000000080036e8                UART_Start_Receive_DMA
 .text.UART_EndTxTransfer
                0x00000000080037b0       0x2a src/lib/cub_f1013c8/Drivers/STM32F1xx_HAL_Driver/Src/stm32f1xx_hal_uart.o
 .text.UART_EndRxTransfer
                0x00000000080037da       0x58 src/lib/cub_f1013c8/Drivers/STM32F1xx_HAL_Driver/Src/stm32f1xx_hal_uart.o
 .text.UART_DMAAbortOnError
                0x0000000008003832       0x28 src/lib/cub_f1013c8/Drivers/STM32F1xx_HAL_Driver/Src/stm32f1xx_hal_uart.o
 .text.UART_Transmit_IT
                0x000000000800385a       0x9e src/lib/cub_f1013c8/Drivers/STM32F1xx_HAL_Driver/Src/stm32f1xx_hal_uart.o
 .text.UART_EndTransmit_IT
                0x00000000080038f8       0x30 src/lib/cub_f1013c8/Drivers/STM32F1xx_HAL_Driver/Src/stm32f1xx_hal_uart.o
 .text.UART_Receive_IT
                0x0000000008003928      0x152 src/lib/cub_f1013c8/Drivers/STM32F1xx_HAL_Driver/Src/stm32f1xx_hal_uart.o
 *fill*         0x0000000008003a7a        0x2 
 .text.UART_SetConfig
                0x0000000008003a7c      0x11c src/lib/cub_f1013c8/Drivers/STM32F1xx_HAL_Driver/Src/stm32f1xx_hal_uart.o
 .text.main     0x0000000008003b98       0x16 src/main.o
                0x0000000008003b98                main
 *fill*         0x0000000008003bae        0x2 
 .text.__errno  0x0000000008003bb0        0xc c:/st/stm32cubeide_1.6.0/stm32cubeide/plugins/com.st.stm32cube.ide.mcu.externaltools.gnu-tools-for-stm32.9-2020-q2-update.win32_1.5.0.202011040924/tools/bin/../lib/gcc/arm-none-eabi/9.3.1/../../../../arm-none-eabi/lib/thumb/v7-m/nofp\libc_nano.a(lib_a-errno.o)
                0x0000000008003bb0                __errno
 .text.__libc_init_array
                0x0000000008003bbc       0x48 c:/st/stm32cubeide_1.6.0/stm32cubeide/plugins/com.st.stm32cube.ide.mcu.externaltools.gnu-tools-for-stm32.9-2020-q2-update.win32_1.5.0.202011040924/tools/bin/../lib/gcc/arm-none-eabi/9.3.1/../../../../arm-none-eabi/lib/thumb/v7-m/nofp\libc_nano.a(lib_a-init.o)
                0x0000000008003bbc                __libc_init_array
 .text.memset   0x0000000008003c04       0x10 c:/st/stm32cubeide_1.6.0/stm32cubeide/plugins/com.st.stm32cube.ide.mcu.externaltools.gnu-tools-for-stm32.9-2020-q2-update.win32_1.5.0.202011040924/tools/bin/../lib/gcc/arm-none-eabi/9.3.1/../../../../arm-none-eabi/lib/thumb/v7-m/nofp\libc_nano.a(lib_a-memset.o)
                0x0000000008003c04                memset
 .text._vsnprintf_r
                0x0000000008003c14       0x58 c:/st/stm32cubeide_1.6.0/stm32cubeide/plugins/com.st.stm32cube.ide.mcu.externaltools.gnu-tools-for-stm32.9-2020-q2-update.win32_1.5.0.202011040924/tools/bin/../lib/gcc/arm-none-eabi/9.3.1/../../../../arm-none-eabi/lib/thumb/v7-m/nofp\libc_nano.a(lib_a-vsnprintf.o)
                0x0000000008003c14                _vsniprintf_r
                0x0000000008003c14                _vsnprintf_r
 .text.vsnprintf
                0x0000000008003c6c       0x1c c:/st/stm32cubeide_1.6.0/stm32cubeide/plugins/com.st.stm32cube.ide.mcu.externaltools.gnu-tools-for-stm32.9-2020-q2-update.win32_1.5.0.202011040924/tools/bin/../lib/gcc/arm-none-eabi/9.3.1/../../../../arm-none-eabi/lib/thumb/v7-m/nofp\libc_nano.a(lib_a-vsnprintf.o)
                0x0000000008003c6c                vsniprintf
                0x0000000008003c6c                vsnprintf
 .text.__ssputs_r
                0x0000000008003c88       0xb6 c:/st/stm32cubeide_1.6.0/stm32cubeide/plugins/com.st.stm32cube.ide.mcu.externaltools.gnu-tools-for-stm32.9-2020-q2-update.win32_1.5.0.202011040924/tools/bin/../lib/gcc/arm-none-eabi/9.3.1/../../../../arm-none-eabi/lib/thumb/v7-m/nofp\libc_nano.a(lib_a-nano-svfprintf.o)
                0x0000000008003c88                __ssputs_r
 *fill*         0x0000000008003d3e        0x2 
 .text._svfprintf_r
                0x0000000008003d40      0x200 c:/st/stm32cubeide_1.6.0/stm32cubeide/plugins/com.st.stm32cube.ide.mcu.externaltools.gnu-tools-for-stm32.9-2020-q2-update.win32_1.5.0.202011040924/tools/bin/../lib/gcc/arm-none-eabi/9.3.1/../../../../arm-none-eabi/lib/thumb/v7-m/nofp\libc_nano.a(lib_a-nano-svfprintf.o)
                0x0000000008003d40                _svfiprintf_r
                0x0000000008003d40                _svfprintf_r
 .text._printf_common
                0x0000000008003f40       0xde c:/st/stm32cubeide_1.6.0/stm32cubeide/plugins/com.st.stm32cube.ide.mcu.externaltools.gnu-tools-for-stm32.9-2020-q2-update.win32_1.5.0.202011040924/tools/bin/../lib/gcc/arm-none-eabi/9.3.1/../../../../arm-none-eabi/lib/thumb/v7-m/nofp\libc_nano.a(lib_a-nano-vfprintf_i.o)
                0x0000000008003f40                _printf_common
 *fill*         0x000000000800401e        0x2 
 .text._printf_i
                0x0000000008004020      0x24c c:/st/stm32cubeide_1.6.0/stm32cubeide/plugins/com.st.stm32cube.ide.mcu.externaltools.gnu-tools-for-stm32.9-2020-q2-update.win32_1.5.0.202011040924/tools/bin/../lib/gcc/arm-none-eabi/9.3.1/../../../../arm-none-eabi/lib/thumb/v7-m/nofp\libc_nano.a(lib_a-nano-vfprintf_i.o)
                0x0000000008004020                _printf_i
 .text.memchr   0x000000000800426c       0x1c c:/st/stm32cubeide_1.6.0/stm32cubeide/plugins/com.st.stm32cube.ide.mcu.externaltools.gnu-tools-for-stm32.9-2020-q2-update.win32_1.5.0.202011040924/tools/bin/../lib/gcc/arm-none-eabi/9.3.1/../../../../arm-none-eabi/lib/thumb/v7-m/nofp\libc_nano.a(lib_a-memchr-stub.o)
                0x000000000800426c                memchr
 .text.memcpy   0x0000000008004288       0x1c c:/st/stm32cubeide_1.6.0/stm32cubeide/plugins/com.st.stm32cube.ide.mcu.externaltools.gnu-tools-for-stm32.9-2020-q2-update.win32_1.5.0.202011040924/tools/bin/../lib/gcc/arm-none-eabi/9.3.1/../../../../arm-none-eabi/lib/thumb/v7-m/nofp\libc_nano.a(lib_a-memcpy-stub.o)
                0x0000000008004288                memcpy
 .text.memmove  0x00000000080042a4       0x34 c:/st/stm32cubeide_1.6.0/stm32cubeide/plugins/com.st.stm32cube.ide.mcu.externaltools.gnu-tools-for-stm32.9-2020-q2-update.win32_1.5.0.202011040924/tools/bin/../lib/gcc/arm-none-eabi/9.3.1/../../../../arm-none-eabi/lib/thumb/v7-m/nofp\libc_nano.a(lib_a-memmove.o)
                0x00000000080042a4                memmove
 .text._free_r  0x00000000080042d8       0x98 c:/st/stm32cubeide_1.6.0/stm32cubeide/plugins/com.st.stm32cube.ide.mcu.externaltools.gnu-tools-for-stm32.9-2020-q2-update.win32_1.5.0.202011040924/tools/bin/../lib/gcc/arm-none-eabi/9.3.1/../../../../arm-none-eabi/lib/thumb/v7-m/nofp\libc_nano.a(lib_a-nano-freer.o)
                0x00000000080042d8                _free_r
 .text._malloc_r
                0x0000000008004370       0xb4 c:/st/stm32cubeide_1.6.0/stm32cubeide/plugins/com.st.stm32cube.ide.mcu.externaltools.gnu-tools-for-stm32.9-2020-q2-update.win32_1.5.0.202011040924/tools/bin/../lib/gcc/arm-none-eabi/9.3.1/../../../../arm-none-eabi/lib/thumb/v7-m/nofp\libc_nano.a(lib_a-nano-mallocr.o)
                0x0000000008004370                _malloc_r
 .text._realloc_r
                0x0000000008004424       0x4c c:/st/stm32cubeide_1.6.0/stm32cubeide/plugins/com.st.stm32cube.ide.mcu.externaltools.gnu-tools-for-stm32.9-2020-q2-update.win32_1.5.0.202011040924/tools/bin/../lib/gcc/arm-none-eabi/9.3.1/../../../../arm-none-eabi/lib/thumb/v7-m/nofp\libc_nano.a(lib_a-nano-reallocr.o)
                0x0000000008004424                _realloc_r
 .text._sbrk_r  0x0000000008004470       0x20 c:/st/stm32cubeide_1.6.0/stm32cubeide/plugins/com.st.stm32cube.ide.mcu.externaltools.gnu-tools-for-stm32.9-2020-q2-update.win32_1.5.0.202011040924/tools/bin/../lib/gcc/arm-none-eabi/9.3.1/../../../../arm-none-eabi/lib/thumb/v7-m/nofp\libc_nano.a(lib_a-sbrkr.o)
                0x0000000008004470                _sbrk_r
 .text.__malloc_lock
                0x0000000008004490        0xc c:/st/stm32cubeide_1.6.0/stm32cubeide/plugins/com.st.stm32cube.ide.mcu.externaltools.gnu-tools-for-stm32.9-2020-q2-update.win32_1.5.0.202011040924/tools/bin/../lib/gcc/arm-none-eabi/9.3.1/../../../../arm-none-eabi/lib/thumb/v7-m/nofp\libc_nano.a(lib_a-mlock.o)
                0x0000000008004490                __malloc_lock
 .text.__malloc_unlock
                0x000000000800449c        0xc c:/st/stm32cubeide_1.6.0/stm32cubeide/plugins/com.st.stm32cube.ide.mcu.externaltools.gnu-tools-for-stm32.9-2020-q2-update.win32_1.5.0.202011040924/tools/bin/../lib/gcc/arm-none-eabi/9.3.1/../../../../arm-none-eabi/lib/thumb/v7-m/nofp\libc_nano.a(lib_a-mlock.o)
                0x000000000800449c                __malloc_unlock
 .text._malloc_usable_size_r
                0x00000000080044a8       0x10 c:/st/stm32cubeide_1.6.0/stm32cubeide/plugins/com.st.stm32cube.ide.mcu.externaltools.gnu-tools-for-stm32.9-2020-q2-update.win32_1.5.0.202011040924/tools/bin/../lib/gcc/arm-none-eabi/9.3.1/../../../../arm-none-eabi/lib/thumb/v7-m/nofp\libc_nano.a(lib_a-nano-msizer.o)
                0x00000000080044a8                _malloc_usable_size_r
 .text.__retarget_lock_acquire_recursive
                0x00000000080044b8        0x2 c:/st/stm32cubeide_1.6.0/stm32cubeide/plugins/com.st.stm32cube.ide.mcu.externaltools.gnu-tools-for-stm32.9-2020-q2-update.win32_1.5.0.202011040924/tools/bin/../lib/gcc/arm-none-eabi/9.3.1/../../../../arm-none-eabi/lib/thumb/v7-m/nofp\libc_nano.a(lib_a-lock.o)
                0x00000000080044b8                __retarget_lock_acquire_recursive
 .text.__retarget_lock_release_recursive
                0x00000000080044ba        0x2 c:/st/stm32cubeide_1.6.0/stm32cubeide/plugins/com.st.stm32cube.ide.mcu.externaltools.gnu-tools-for-stm32.9-2020-q2-update.win32_1.5.0.202011040924/tools/bin/../lib/gcc/arm-none-eabi/9.3.1/../../../../arm-none-eabi/lib/thumb/v7-m/nofp\libc_nano.a(lib_a-lock.o)
                0x00000000080044ba                __retarget_lock_release_recursive
 *(.glue_7)
 .glue_7        0x00000000080044bc        0x0 linker stubs
 *(.glue_7t)
 .glue_7t       0x00000000080044bc        0x0 linker stubs
 *(.eh_frame)
 .eh_frame      0x00000000080044bc        0x0 c:/st/stm32cubeide_1.6.0/stm32cubeide/plugins/com.st.stm32cube.ide.mcu.externaltools.gnu-tools-for-stm32.9-2020-q2-update.win32_1.5.0.202011040924/tools/bin/../lib/gcc/arm-none-eabi/9.3.1/thumb/v7-m/nofp/crtbegin.o
 *(.init)
 .init          0x00000000080044bc        0x4 c:/st/stm32cubeide_1.6.0/stm32cubeide/plugins/com.st.stm32cube.ide.mcu.externaltools.gnu-tools-for-stm32.9-2020-q2-update.win32_1.5.0.202011040924/tools/bin/../lib/gcc/arm-none-eabi/9.3.1/thumb/v7-m/nofp/crti.o
                0x00000000080044bc                _init
 .init          0x00000000080044c0        0x8 c:/st/stm32cubeide_1.6.0/stm32cubeide/plugins/com.st.stm32cube.ide.mcu.externaltools.gnu-tools-for-stm32.9-2020-q2-update.win32_1.5.0.202011040924/tools/bin/../lib/gcc/arm-none-eabi/9.3.1/thumb/v7-m/nofp/crtn.o
 *(.fini)
 .fini          0x00000000080044c8        0x4 c:/st/stm32cubeide_1.6.0/stm32cubeide/plugins/com.st.stm32cube.ide.mcu.externaltools.gnu-tools-for-stm32.9-2020-q2-update.win32_1.5.0.202011040924/tools/bin/../lib/gcc/arm-none-eabi/9.3.1/thumb/v7-m/nofp/crti.o
                0x00000000080044c8                _fini
 .fini          0x00000000080044cc        0x8 c:/st/stm32cubeide_1.6.0/stm32cubeide/plugins/com.st.stm32cube.ide.mcu.externaltools.gnu-tools-for-stm32.9-2020-q2-update.win32_1.5.0.202011040924/tools/bin/../lib/gcc/arm-none-eabi/9.3.1/thumb/v7-m/nofp/crtn.o
                0x00000000080044d4                . = ALIGN (0x4)
                0x00000000080044d4                _etext = .

.vfp11_veneer   0x00000000080044d4        0x0
 .vfp11_veneer  0x00000000080044d4        0x0 linker stubs

.v4_bx          0x00000000080044d4        0x0
 .v4_bx         0x00000000080044d4        0x0 linker stubs

.iplt           0x00000000080044d4        0x0
 .iplt          0x00000000080044d4        0x0 c:/st/stm32cubeide_1.6.0/stm32cubeide/plugins/com.st.stm32cube.ide.mcu.externaltools.gnu-tools-for-stm32.9-2020-q2-update.win32_1.5.0.202011040924/tools/bin/../lib/gcc/arm-none-eabi/9.3.1/thumb/v7-m/nofp/crtbegin.o

.rodata         0x00000000080044d4      0x2c8
                0x00000000080044d4                . = ALIGN (0x4)
 *(.rodata)
 .rodata        0x00000000080044d4      0x25f src/ap/ap.o
 *fill*         0x0000000008004733        0x1 
 .rodata        0x0000000008004734        0x5 src/hw/driver/nrf24l01.o
 *fill*         0x0000000008004739        0x3 
 .rodata        0x000000000800473c       0x10 src/lib/cub_f1013c8/Drivers/STM32F1xx_HAL_Driver/Src/stm32f1xx_hal_rcc.o
 *(.rodata*)
 .rodata.AHBPrescTable
                0x000000000800474c       0x10 src/bsp/system_stm32f1xx.o
                0x000000000800474c                AHBPrescTable
 .rodata.APBPrescTable
                0x000000000800475c        0x8 src/bsp/system_stm32f1xx.o
                0x000000000800475c                APBPrescTable
 .rodata.RX_ADDRESS
                0x0000000008004764        0x5 src/hw/driver/nrf24l01.o
                0x0000000008004764                RX_ADDRESS
 .rodata._svfprintf_r.str1.1
                0x0000000008004769       0x11 c:/st/stm32cubeide_1.6.0/stm32cubeide/plugins/com.st.stm32cube.ide.mcu.externaltools.gnu-tools-for-stm32.9-2020-q2-update.win32_1.5.0.202011040924/tools/bin/../lib/gcc/arm-none-eabi/9.3.1/../../../../arm-none-eabi/lib/thumb/v7-m/nofp\libc_nano.a(lib_a-nano-svfprintf.o)
 .rodata._printf_i.str1.1
                0x000000000800477a       0x22 c:/st/stm32cubeide_1.6.0/stm32cubeide/plugins/com.st.stm32cube.ide.mcu.externaltools.gnu-tools-for-stm32.9-2020-q2-update.win32_1.5.0.202011040924/tools/bin/../lib/gcc/arm-none-eabi/9.3.1/../../../../arm-none-eabi/lib/thumb/v7-m/nofp\libc_nano.a(lib_a-nano-vfprintf_i.o)
                0x000000000800479c                . = ALIGN (0x4)

.rel.dyn        0x000000000800479c        0x0
 .rel.iplt      0x000000000800479c        0x0 c:/st/stm32cubeide_1.6.0/stm32cubeide/plugins/com.st.stm32cube.ide.mcu.externaltools.gnu-tools-for-stm32.9-2020-q2-update.win32_1.5.0.202011040924/tools/bin/../lib/gcc/arm-none-eabi/9.3.1/thumb/v7-m/nofp/crtbegin.o

.ARM.extab      0x000000000800479c        0x0
                0x000000000800479c                . = ALIGN (0x4)
 *(.ARM.extab* .gnu.linkonce.armextab.*)
                0x000000000800479c                . = ALIGN (0x4)

.ARM            0x000000000800479c        0x0
                0x000000000800479c                . = ALIGN (0x4)
                0x000000000800479c                __exidx_start = .
 *(.ARM.exidx*)
                0x000000000800479c                __exidx_end = .
                0x000000000800479c                . = ALIGN (0x4)

.preinit_array  0x000000000800479c        0x0
                0x000000000800479c                . = ALIGN (0x4)
                0x000000000800479c                PROVIDE (__preinit_array_start = .)
 *(.preinit_array*)
                0x000000000800479c                PROVIDE (__preinit_array_end = .)
                0x000000000800479c                . = ALIGN (0x4)

.init_array     0x000000000800479c        0x4
                0x000000000800479c                . = ALIGN (0x4)
                0x000000000800479c                PROVIDE (__init_array_start = .)
 *(SORT_BY_NAME(.init_array.*))
 *(.init_array*)
 .init_array    0x000000000800479c        0x4 c:/st/stm32cubeide_1.6.0/stm32cubeide/plugins/com.st.stm32cube.ide.mcu.externaltools.gnu-tools-for-stm32.9-2020-q2-update.win32_1.5.0.202011040924/tools/bin/../lib/gcc/arm-none-eabi/9.3.1/thumb/v7-m/nofp/crtbegin.o
                0x00000000080047a0                PROVIDE (__init_array_end = .)
                0x00000000080047a0                . = ALIGN (0x4)

.fini_array     0x00000000080047a0        0x4
                0x00000000080047a0                . = ALIGN (0x4)
                [!provide]                        PROVIDE (__fini_array_start = .)
 *(SORT_BY_NAME(.fini_array.*))
 *(.fini_array*)
 .fini_array    0x00000000080047a0        0x4 c:/st/stm32cubeide_1.6.0/stm32cubeide/plugins/com.st.stm32cube.ide.mcu.externaltools.gnu-tools-for-stm32.9-2020-q2-update.win32_1.5.0.202011040924/tools/bin/../lib/gcc/arm-none-eabi/9.3.1/thumb/v7-m/nofp/crtbegin.o
                [!provide]                        PROVIDE (__fini_array_end = .)
                0x00000000080047a4                . = ALIGN (0x4)
                0x00000000080047a4                _sidata = LOADADDR (.data)

.data           0x0000000020000000       0x84 load address 0x00000000080047a4
                0x0000000020000000                . = ALIGN (0x4)
                0x0000000020000000                _sdata = .
 *(.data)
 *(.data*)
 .data.SystemCoreClock
                0x0000000020000000        0x4 src/bsp/system_stm32f1xx.o
                0x0000000020000000                SystemCoreClock
 .data.gpio_tbl
                0x0000000020000004        0xc src/hw/driver/gpio.o
                0x0000000020000004                gpio_tbl
 .data.led_tbl  0x0000000020000010        0x8 src/hw/driver/led.o
                0x0000000020000010                led_tbl
 .data.uwTickPrio
                0x0000000020000018        0x4 src/lib/cub_f1013c8/Drivers/STM32F1xx_HAL_Driver/Src/stm32f1xx_hal.o
                0x0000000020000018                uwTickPrio
 .data.uwTickFreq
                0x000000002000001c        0x1 src/lib/cub_f1013c8/Drivers/STM32F1xx_HAL_Driver/Src/stm32f1xx_hal.o
                0x000000002000001c                uwTickFreq
 *fill*         0x000000002000001d        0x3 
 .data._impure_ptr
                0x0000000020000020        0x4 c:/st/stm32cubeide_1.6.0/stm32cubeide/plugins/com.st.stm32cube.ide.mcu.externaltools.gnu-tools-for-stm32.9-2020-q2-update.win32_1.5.0.202011040924/tools/bin/../lib/gcc/arm-none-eabi/9.3.1/../../../../arm-none-eabi/lib/thumb/v7-m/nofp\libc_nano.a(lib_a-impure.o)
                0x0000000020000020                _impure_ptr
 .data.impure_data
                0x0000000020000024       0x60 c:/st/stm32cubeide_1.6.0/stm32cubeide/plugins/com.st.stm32cube.ide.mcu.externaltools.gnu-tools-for-stm32.9-2020-q2-update.win32_1.5.0.202011040924/tools/bin/../lib/gcc/arm-none-eabi/9.3.1/../../../../arm-none-eabi/lib/thumb/v7-m/nofp\libc_nano.a(lib_a-impure.o)
 *(.RamFunc)
 *(.RamFunc*)
                0x0000000020000084                . = ALIGN (0x4)
                0x0000000020000084                _edata = .

.igot.plt       0x0000000020000084        0x0 load address 0x0000000008004828
 .igot.plt      0x0000000020000084        0x0 c:/st/stm32cubeide_1.6.0/stm32cubeide/plugins/com.st.stm32cube.ide.mcu.externaltools.gnu-tools-for-stm32.9-2020-q2-update.win32_1.5.0.202011040924/tools/bin/../lib/gcc/arm-none-eabi/9.3.1/thumb/v7-m/nofp/crtbegin.o
                0x0000000020000084                . = ALIGN (0x4)

.bss            0x0000000020000084      0x450 load address 0x0000000008004828
                0x0000000020000084                _sbss = .
                0x0000000020000084                __bss_start__ = _sbss
 *(.bss)
 .bss           0x0000000020000084       0x1c c:/st/stm32cubeide_1.6.0/stm32cubeide/plugins/com.st.stm32cube.ide.mcu.externaltools.gnu-tools-for-stm32.9-2020-q2-update.win32_1.5.0.202011040924/tools/bin/../lib/gcc/arm-none-eabi/9.3.1/thumb/v7-m/nofp/crtbegin.o
 *(.bss*)
 .bss.__sbrk_heap_end
                0x00000000200000a0        0x4 src/bsp/sysmem.o
 .bss.is_open   0x00000000200000a4        0x2 src/hw/driver/uart.o
 *fill*         0x00000000200000a6        0x2 
 .bss.qbuffer   0x00000000200000a8       0x20 src/hw/driver/uart.o
 .bss.rx_buf    0x00000000200000c8      0x100 src/hw/driver/uart.o
 .bss.tx_buf    0x00000000200001c8      0x100 src/hw/driver/uart.o
 .bss.__malloc_free_list
                0x00000000200002c8        0x4 c:/st/stm32cubeide_1.6.0/stm32cubeide/plugins/com.st.stm32cube.ide.mcu.externaltools.gnu-tools-for-stm32.9-2020-q2-update.win32_1.5.0.202011040924/tools/bin/../lib/gcc/arm-none-eabi/9.3.1/../../../../arm-none-eabi/lib/thumb/v7-m/nofp\libc_nano.a(lib_a-nano-mallocr.o)
                0x00000000200002c8                __malloc_free_list
 .bss.__malloc_sbrk_start
                0x00000000200002cc        0x4 c:/st/stm32cubeide_1.6.0/stm32cubeide/plugins/com.st.stm32cube.ide.mcu.externaltools.gnu-tools-for-stm32.9-2020-q2-update.win32_1.5.0.202011040924/tools/bin/../lib/gcc/arm-none-eabi/9.3.1/../../../../arm-none-eabi/lib/thumb/v7-m/nofp\libc_nano.a(lib_a-nano-mallocr.o)
                0x00000000200002cc                __malloc_sbrk_start
 *(COMMON)
 COMMON         0x00000000200002d0       0x58 src/hw/driver/spi.o
                0x00000000200002d0                hspi1
 COMMON         0x0000000020000328      0x198 src/hw/driver/uart.o
                0x0000000020000328                hdma_usart2_rx
                0x000000002000036c                hdma_usart1_tx
                0x00000000200003b0                hdma_usart1_rx
                0x00000000200003f4                hdma_usart2_tx
                0x0000000020000438                huart1
                0x000000002000047c                huart2
 COMMON         0x00000000200004c0        0x4 src/lib/cub_f1013c8/Drivers/STM32F1xx_HAL_Driver/Src/stm32f1xx_hal.o
                0x00000000200004c0                uwTick
 COMMON         0x00000000200004c4        0x4 c:/st/stm32cubeide_1.6.0/stm32cubeide/plugins/com.st.stm32cube.ide.mcu.externaltools.gnu-tools-for-stm32.9-2020-q2-update.win32_1.5.0.202011040924/tools/bin/../lib/gcc/arm-none-eabi/9.3.1/../../../../arm-none-eabi/lib/thumb/v7-m/nofp\libc_nano.a(lib_a-reent.o)
                0x00000000200004c4                errno
 COMMON         0x00000000200004c8        0x9 c:/st/stm32cubeide_1.6.0/stm32cubeide/plugins/com.st.stm32cube.ide.mcu.externaltools.gnu-tools-for-stm32.9-2020-q2-update.win32_1.5.0.202011040924/tools/bin/../lib/gcc/arm-none-eabi/9.3.1/../../../../arm-none-eabi/lib/thumb/v7-m/nofp\libc_nano.a(lib_a-lock.o)
                0x00000000200004c8                __lock___atexit_recursive_mutex
                0x00000000200004c9                __lock___arc4random_mutex
                0x00000000200004ca                __lock___env_recursive_mutex
                0x00000000200004cb                __lock___sinit_recursive_mutex
                0x00000000200004cc                __lock___malloc_recursive_mutex
                0x00000000200004cd                __lock___at_quick_exit_mutex
                0x00000000200004ce                __lock___dd_hash_mutex
                0x00000000200004cf                __lock___tz_mutex
                0x00000000200004d0                __lock___sfp_recursive_mutex
                0x00000000200004d4                . = ALIGN (0x4)
 *fill*         0x00000000200004d1        0x3 
                0x00000000200004d4                _ebss = .
                0x00000000200004d4                __bss_end__ = _ebss

._user_heap_stack
                0x00000000200004d4      0x604 load address 0x0000000008004828
                0x00000000200004d8                . = ALIGN (0x8)
 *fill*         0x00000000200004d4        0x4 
                [!provide]                        PROVIDE (end = .)
                0x00000000200004d8                PROVIDE (_end = .)
                0x00000000200006d8                . = (. + _Min_Heap_Size)
 *fill*         0x00000000200004d8      0x200 
                0x0000000020000ad8                . = (. + _Min_Stack_Size)
 *fill*         0x00000000200006d8      0x400 
                0x0000000020000ad8                . = ALIGN (0x8)

/DISCARD/
 libc.a(*)
 libm.a(*)
 libgcc.a(*)

.ARM.attributes
                0x0000000000000000       0x29
 *(.ARM.attributes)
 .ARM.attributes
                0x0000000000000000       0x1d c:/st/stm32cubeide_1.6.0/stm32cubeide/plugins/com.st.stm32cube.ide.mcu.externaltools.gnu-tools-for-stm32.9-2020-q2-update.win32_1.5.0.202011040924/tools/bin/../lib/gcc/arm-none-eabi/9.3.1/thumb/v7-m/nofp/crti.o
 .ARM.attributes
                0x000000000000001d       0x2d c:/st/stm32cubeide_1.6.0/stm32cubeide/plugins/com.st.stm32cube.ide.mcu.externaltools.gnu-tools-for-stm32.9-2020-q2-update.win32_1.5.0.202011040924/tools/bin/../lib/gcc/arm-none-eabi/9.3.1/thumb/v7-m/nofp/crtbegin.o
 .ARM.attributes
                0x000000000000004a       0x2d src/ap/ap.o
 .ARM.attributes
                0x0000000000000077       0x2d src/bsp/bsp.o
 .ARM.attributes
                0x00000000000000a4       0x2d src/bsp/stm32f1xx_hal_msp.o
 .ARM.attributes
                0x00000000000000d1       0x2d src/bsp/stm32f1xx_it.o
 .ARM.attributes
                0x00000000000000fe       0x2d src/bsp/sysmem.o
 .ARM.attributes
                0x000000000000012b       0x2d src/bsp/system_stm32f1xx.o
 .ARM.attributes
                0x0000000000000158       0x21 src/bsp/startup/startup_stm32f103c8tx.o
 .ARM.attributes
                0x0000000000000179       0x2d src/common/core/qbuffer.o
 .ARM.attributes
                0x00000000000001a6       0x2d src/hw/driver/dfplayer.o
 .ARM.attributes
                0x00000000000001d3       0x2d src/hw/driver/gpio.o
 .ARM.attributes
                0x0000000000000200       0x2d src/hw/driver/led.o
 .ARM.attributes
                0x000000000000022d       0x2d src/hw/driver/nrf24l01.o
 .ARM.attributes
                0x000000000000025a       0x2d src/hw/driver/spi.o
 .ARM.attributes
                0x0000000000000287       0x2d src/hw/driver/uart.o
 .ARM.attributes
                0x00000000000002b4       0x2d src/hw/hw.o
 .ARM.attributes
                0x00000000000002e1       0x2d src/lib/cub_f1013c8/Drivers/STM32F1xx_HAL_Driver/Src/stm32f1xx_hal.o
 .ARM.attributes
                0x000000000000030e       0x2d src/lib/cub_f1013c8/Drivers/STM32F1xx_HAL_Driver/Src/stm32f1xx_hal_cortex.o
 .ARM.attributes
                0x000000000000033b       0x2d src/lib/cub_f1013c8/Drivers/STM32F1xx_HAL_Driver/Src/stm32f1xx_hal_dma.o
 .ARM.attributes
                0x0000000000000368       0x2d src/lib/cub_f1013c8/Drivers/STM32F1xx_HAL_Driver/Src/stm32f1xx_hal_gpio.o
 .ARM.attributes
                0x0000000000000395       0x2d src/lib/cub_f1013c8/Drivers/STM32F1xx_HAL_Driver/Src/stm32f1xx_hal_rcc.o
 .ARM.attributes
                0x00000000000003c2       0x2d src/lib/cub_f1013c8/Drivers/STM32F1xx_HAL_Driver/Src/stm32f1xx_hal_spi.o
 .ARM.attributes
                0x00000000000003ef       0x2d src/lib/cub_f1013c8/Drivers/STM32F1xx_HAL_Driver/Src/stm32f1xx_hal_uart.o
 .ARM.attributes
                0x000000000000041c       0x2d src/main.o
 .ARM.attributes
                0x0000000000000449       0x2d c:/st/stm32cubeide_1.6.0/stm32cubeide/plugins/com.st.stm32cube.ide.mcu.externaltools.gnu-tools-for-stm32.9-2020-q2-update.win32_1.5.0.202011040924/tools/bin/../lib/gcc/arm-none-eabi/9.3.1/../../../../arm-none-eabi/lib/thumb/v7-m/nofp\libc_nano.a(lib_a-errno.o)
 .ARM.attributes
                0x0000000000000476       0x2d c:/st/stm32cubeide_1.6.0/stm32cubeide/plugins/com.st.stm32cube.ide.mcu.externaltools.gnu-tools-for-stm32.9-2020-q2-update.win32_1.5.0.202011040924/tools/bin/../lib/gcc/arm-none-eabi/9.3.1/../../../../arm-none-eabi/lib/thumb/v7-m/nofp\libc_nano.a(lib_a-impure.o)
 .ARM.attributes
                0x00000000000004a3       0x2d c:/st/stm32cubeide_1.6.0/stm32cubeide/plugins/com.st.stm32cube.ide.mcu.externaltools.gnu-tools-for-stm32.9-2020-q2-update.win32_1.5.0.202011040924/tools/bin/../lib/gcc/arm-none-eabi/9.3.1/../../../../arm-none-eabi/lib/thumb/v7-m/nofp\libc_nano.a(lib_a-init.o)
 .ARM.attributes
                0x00000000000004d0       0x2d c:/st/stm32cubeide_1.6.0/stm32cubeide/plugins/com.st.stm32cube.ide.mcu.externaltools.gnu-tools-for-stm32.9-2020-q2-update.win32_1.5.0.202011040924/tools/bin/../lib/gcc/arm-none-eabi/9.3.1/../../../../arm-none-eabi/lib/thumb/v7-m/nofp\libc_nano.a(lib_a-memset.o)
 .ARM.attributes
                0x00000000000004fd       0x2d c:/st/stm32cubeide_1.6.0/stm32cubeide/plugins/com.st.stm32cube.ide.mcu.externaltools.gnu-tools-for-stm32.9-2020-q2-update.win32_1.5.0.202011040924/tools/bin/../lib/gcc/arm-none-eabi/9.3.1/../../../../arm-none-eabi/lib/thumb/v7-m/nofp\libc_nano.a(lib_a-vsnprintf.o)
 .ARM.attributes
                0x000000000000052a       0x2d c:/st/stm32cubeide_1.6.0/stm32cubeide/plugins/com.st.stm32cube.ide.mcu.externaltools.gnu-tools-for-stm32.9-2020-q2-update.win32_1.5.0.202011040924/tools/bin/../lib/gcc/arm-none-eabi/9.3.1/../../../../arm-none-eabi/lib/thumb/v7-m/nofp\libc_nano.a(lib_a-nano-svfprintf.o)
 .ARM.attributes
                0x0000000000000557       0x2d c:/st/stm32cubeide_1.6.0/stm32cubeide/plugins/com.st.stm32cube.ide.mcu.externaltools.gnu-tools-for-stm32.9-2020-q2-update.win32_1.5.0.202011040924/tools/bin/../lib/gcc/arm-none-eabi/9.3.1/../../../../arm-none-eabi/lib/thumb/v7-m/nofp\libc_nano.a(lib_a-nano-vfprintf_i.o)
 .ARM.attributes
                0x0000000000000584       0x2d c:/st/stm32cubeide_1.6.0/stm32cubeide/plugins/com.st.stm32cube.ide.mcu.externaltools.gnu-tools-for-stm32.9-2020-q2-update.win32_1.5.0.202011040924/tools/bin/../lib/gcc/arm-none-eabi/9.3.1/../../../../arm-none-eabi/lib/thumb/v7-m/nofp\libc_nano.a(lib_a-memchr-stub.o)
 .ARM.attributes
                0x00000000000005b1       0x2d c:/st/stm32cubeide_1.6.0/stm32cubeide/plugins/com.st.stm32cube.ide.mcu.externaltools.gnu-tools-for-stm32.9-2020-q2-update.win32_1.5.0.202011040924/tools/bin/../lib/gcc/arm-none-eabi/9.3.1/../../../../arm-none-eabi/lib/thumb/v7-m/nofp\libc_nano.a(lib_a-memcpy-stub.o)
 .ARM.attributes
                0x00000000000005de       0x2d c:/st/stm32cubeide_1.6.0/stm32cubeide/plugins/com.st.stm32cube.ide.mcu.externaltools.gnu-tools-for-stm32.9-2020-q2-update.win32_1.5.0.202011040924/tools/bin/../lib/gcc/arm-none-eabi/9.3.1/../../../../arm-none-eabi/lib/thumb/v7-m/nofp\libc_nano.a(lib_a-memmove.o)
 .ARM.attributes
                0x000000000000060b       0x2d c:/st/stm32cubeide_1.6.0/stm32cubeide/plugins/com.st.stm32cube.ide.mcu.externaltools.gnu-tools-for-stm32.9-2020-q2-update.win32_1.5.0.202011040924/tools/bin/../lib/gcc/arm-none-eabi/9.3.1/../../../../arm-none-eabi/lib/thumb/v7-m/nofp\libc_nano.a(lib_a-nano-freer.o)
 .ARM.attributes
                0x0000000000000638       0x2d c:/st/stm32cubeide_1.6.0/stm32cubeide/plugins/com.st.stm32cube.ide.mcu.externaltools.gnu-tools-for-stm32.9-2020-q2-update.win32_1.5.0.202011040924/tools/bin/../lib/gcc/arm-none-eabi/9.3.1/../../../../arm-none-eabi/lib/thumb/v7-m/nofp\libc_nano.a(lib_a-nano-mallocr.o)
 .ARM.attributes
                0x0000000000000665       0x2d c:/st/stm32cubeide_1.6.0/stm32cubeide/plugins/com.st.stm32cube.ide.mcu.externaltools.gnu-tools-for-stm32.9-2020-q2-update.win32_1.5.0.202011040924/tools/bin/../lib/gcc/arm-none-eabi/9.3.1/../../../../arm-none-eabi/lib/thumb/v7-m/nofp\libc_nano.a(lib_a-nano-reallocr.o)
 .ARM.attributes
                0x0000000000000692       0x2d c:/st/stm32cubeide_1.6.0/stm32cubeide/plugins/com.st.stm32cube.ide.mcu.externaltools.gnu-tools-for-stm32.9-2020-q2-update.win32_1.5.0.202011040924/tools/bin/../lib/gcc/arm-none-eabi/9.3.1/../../../../arm-none-eabi/lib/thumb/v7-m/nofp\libc_nano.a(lib_a-sbrkr.o)
 .ARM.attributes
                0x00000000000006bf       0x2d c:/st/stm32cubeide_1.6.0/stm32cubeide/plugins/com.st.stm32cube.ide.mcu.externaltools.gnu-tools-for-stm32.9-2020-q2-update.win32_1.5.0.202011040924/tools/bin/../lib/gcc/arm-none-eabi/9.3.1/../../../../arm-none-eabi/lib/thumb/v7-m/nofp\libc_nano.a(lib_a-mlock.o)
 .ARM.attributes
                0x00000000000006ec       0x2d c:/st/stm32cubeide_1.6.0/stm32cubeide/plugins/com.st.stm32cube.ide.mcu.externaltools.gnu-tools-for-stm32.9-2020-q2-update.win32_1.5.0.202011040924/tools/bin/../lib/gcc/arm-none-eabi/9.3.1/../../../../arm-none-eabi/lib/thumb/v7-m/nofp\libc_nano.a(lib_a-nano-msizer.o)
 .ARM.attributes
                0x0000000000000719       0x2d c:/st/stm32cubeide_1.6.0/stm32cubeide/plugins/com.st.stm32cube.ide.mcu.externaltools.gnu-tools-for-stm32.9-2020-q2-update.win32_1.5.0.202011040924/tools/bin/../lib/gcc/arm-none-eabi/9.3.1/../../../../arm-none-eabi/lib/thumb/v7-m/nofp\libc_nano.a(lib_a-reent.o)
 .ARM.attributes
                0x0000000000000746       0x2d c:/st/stm32cubeide_1.6.0/stm32cubeide/plugins/com.st.stm32cube.ide.mcu.externaltools.gnu-tools-for-stm32.9-2020-q2-update.win32_1.5.0.202011040924/tools/bin/../lib/gcc/arm-none-eabi/9.3.1/../../../../arm-none-eabi/lib/thumb/v7-m/nofp\libc_nano.a(lib_a-lock.o)
 .ARM.attributes
                0x0000000000000773       0x1d c:/st/stm32cubeide_1.6.0/stm32cubeide/plugins/com.st.stm32cube.ide.mcu.externaltools.gnu-tools-for-stm32.9-2020-q2-update.win32_1.5.0.202011040924/tools/bin/../lib/gcc/arm-none-eabi/9.3.1/thumb/v7-m/nofp/crtn.o
OUTPUT(stm32f103_fw_module.elf elf32-littlearm)
LOAD linker stubs
LOAD c:/st/stm32cubeide_1.6.0/stm32cubeide/plugins/com.st.stm32cube.ide.mcu.externaltools.gnu-tools-for-stm32.9-2020-q2-update.win32_1.5.0.202011040924/tools/bin/../lib/gcc/arm-none-eabi/9.3.1/../../../../arm-none-eabi/lib/thumb/v7-m/nofp\libc.a
LOAD c:/st/stm32cubeide_1.6.0/stm32cubeide/plugins/com.st.stm32cube.ide.mcu.externaltools.gnu-tools-for-stm32.9-2020-q2-update.win32_1.5.0.202011040924/tools/bin/../lib/gcc/arm-none-eabi/9.3.1/../../../../arm-none-eabi/lib/thumb/v7-m/nofp\libm.a
LOAD c:/st/stm32cubeide_1.6.0/stm32cubeide/plugins/com.st.stm32cube.ide.mcu.externaltools.gnu-tools-for-stm32.9-2020-q2-update.win32_1.5.0.202011040924/tools/bin/../lib/gcc/arm-none-eabi/9.3.1/thumb/v7-m/nofp\libgcc.a

.debug_info     0x0000000000000000    0x1312f
 .debug_info    0x0000000000000000      0xfef src/ap/ap.o
 .debug_info    0x0000000000000fef      0xd8f src/bsp/bsp.o
 .debug_info    0x0000000000001d7e     0x107c src/bsp/stm32f1xx_hal_msp.o
 .debug_info    0x0000000000002dfa     0x1285 src/bsp/stm32f1xx_it.o
 .debug_info    0x000000000000407f      0xa25 src/bsp/sysmem.o
 .debug_info    0x0000000000004aa4      0x260 src/bsp/system_stm32f1xx.o
 .debug_info    0x0000000000004d04       0x22 src/bsp/startup/startup_stm32f103c8tx.o
 .debug_info    0x0000000000004d26      0xb64 src/common/core/qbuffer.o
 .debug_info    0x000000000000588a      0xe77 src/hw/driver/dfplayer.o
 .debug_info    0x0000000000006701      0xce8 src/hw/driver/gpio.o
 .debug_info    0x00000000000073e9      0xc69 src/hw/driver/led.o
 .debug_info    0x0000000000008052     0x1310 src/hw/driver/nrf24l01.o
 .debug_info    0x0000000000009362     0x1145 src/hw/driver/spi.o
 .debug_info    0x000000000000a4a7     0x1694 src/hw/driver/uart.o
 .debug_info    0x000000000000bb3b      0xf12 src/hw/hw.o
 .debug_info    0x000000000000ca4d      0x76a src/lib/cub_f1013c8/Drivers/STM32F1xx_HAL_Driver/Src/stm32f1xx_hal.o
 .debug_info    0x000000000000d1b7      0xbdc src/lib/cub_f1013c8/Drivers/STM32F1xx_HAL_Driver/Src/stm32f1xx_hal_cortex.o
 .debug_info    0x000000000000dd93      0x81e src/lib/cub_f1013c8/Drivers/STM32F1xx_HAL_Driver/Src/stm32f1xx_hal_dma.o
 .debug_info    0x000000000000e5b1      0x701 src/lib/cub_f1013c8/Drivers/STM32F1xx_HAL_Driver/Src/stm32f1xx_hal_gpio.o
 .debug_info    0x000000000000ecb2      0x88e src/lib/cub_f1013c8/Drivers/STM32F1xx_HAL_Driver/Src/stm32f1xx_hal_rcc.o
 .debug_info    0x000000000000f540     0x16bf src/lib/cub_f1013c8/Drivers/STM32F1xx_HAL_Driver/Src/stm32f1xx_hal_spi.o
 .debug_info    0x0000000000010bff     0x161a src/lib/cub_f1013c8/Drivers/STM32F1xx_HAL_Driver/Src/stm32f1xx_hal_uart.o
 .debug_info    0x0000000000012219      0xf16 src/main.o

.debug_abbrev   0x0000000000000000     0x3060
 .debug_abbrev  0x0000000000000000      0x1f3 src/ap/ap.o
 .debug_abbrev  0x00000000000001f3      0x258 src/bsp/bsp.o
 .debug_abbrev  0x000000000000044b      0x1eb src/bsp/stm32f1xx_hal_msp.o
 .debug_abbrev  0x0000000000000636      0x1fa src/bsp/stm32f1xx_it.o
 .debug_abbrev  0x0000000000000830      0x1bf src/bsp/sysmem.o
 .debug_abbrev  0x00000000000009ef      0x14e src/bsp/system_stm32f1xx.o
 .debug_abbrev  0x0000000000000b3d       0x12 src/bsp/startup/startup_stm32f103c8tx.o
 .debug_abbrev  0x0000000000000b4f      0x20a src/common/core/qbuffer.o
 .debug_abbrev  0x0000000000000d59      0x29b src/hw/driver/dfplayer.o
 .debug_abbrev  0x0000000000000ff4      0x262 src/hw/driver/gpio.o
 .debug_abbrev  0x0000000000001256      0x235 src/hw/driver/led.o
 .debug_abbrev  0x000000000000148b      0x271 src/hw/driver/nrf24l01.o
 .debug_abbrev  0x00000000000016fc      0x227 src/hw/driver/spi.o
 .debug_abbrev  0x0000000000001923      0x333 src/hw/driver/uart.o
 .debug_abbrev  0x0000000000001c56      0x1c6 src/hw/hw.o
 .debug_abbrev  0x0000000000001e1c      0x1ed src/lib/cub_f1013c8/Drivers/STM32F1xx_HAL_Driver/Src/stm32f1xx_hal.o
 .debug_abbrev  0x0000000000002009      0x313 src/lib/cub_f1013c8/Drivers/STM32F1xx_HAL_Driver/Src/stm32f1xx_hal_cortex.o
 .debug_abbrev  0x000000000000231c      0x228 src/lib/cub_f1013c8/Drivers/STM32F1xx_HAL_Driver/Src/stm32f1xx_hal_dma.o
 .debug_abbrev  0x0000000000002544      0x1e8 src/lib/cub_f1013c8/Drivers/STM32F1xx_HAL_Driver/Src/stm32f1xx_hal_gpio.o
 .debug_abbrev  0x000000000000272c      0x273 src/lib/cub_f1013c8/Drivers/STM32F1xx_HAL_Driver/Src/stm32f1xx_hal_rcc.o
 .debug_abbrev  0x000000000000299f      0x26e src/lib/cub_f1013c8/Drivers/STM32F1xx_HAL_Driver/Src/stm32f1xx_hal_spi.o
 .debug_abbrev  0x0000000000002c0d      0x28b src/lib/cub_f1013c8/Drivers/STM32F1xx_HAL_Driver/Src/stm32f1xx_hal_uart.o
 .debug_abbrev  0x0000000000002e98      0x1c8 src/main.o

.debug_aranges  0x0000000000000000      0xbe8
 .debug_aranges
                0x0000000000000000       0x50 src/ap/ap.o
 .debug_aranges
                0x0000000000000050       0x48 src/bsp/bsp.o
 .debug_aranges
                0x0000000000000098       0x20 src/bsp/stm32f1xx_hal_msp.o
 .debug_aranges
                0x00000000000000b8       0x90 src/bsp/stm32f1xx_it.o
 .debug_aranges
                0x0000000000000148       0x20 src/bsp/sysmem.o
 .debug_aranges
                0x0000000000000168       0x28 src/bsp/system_stm32f1xx.o
 .debug_aranges
                0x0000000000000190       0x28 src/bsp/startup/startup_stm32f103c8tx.o
 .debug_aranges
                0x00000000000001b8       0x48 src/common/core/qbuffer.o
 .debug_aranges
                0x0000000000000200       0xf8 src/hw/driver/dfplayer.o
 .debug_aranges
                0x00000000000002f8       0x40 src/hw/driver/gpio.o
 .debug_aranges
                0x0000000000000338       0x38 src/hw/driver/led.o
 .debug_aranges
                0x0000000000000370       0x78 src/hw/driver/nrf24l01.o
 .debug_aranges
                0x00000000000003e8       0x30 src/hw/driver/spi.o
 .debug_aranges
                0x0000000000000418       0x78 src/hw/driver/uart.o
 .debug_aranges
                0x0000000000000490       0x20 src/hw/hw.o
 .debug_aranges
                0x00000000000004b0       0xe0 src/lib/cub_f1013c8/Drivers/STM32F1xx_HAL_Driver/Src/stm32f1xx_hal.o
 .debug_aranges
                0x0000000000000590      0x100 src/lib/cub_f1013c8/Drivers/STM32F1xx_HAL_Driver/Src/stm32f1xx_hal_cortex.o
 .debug_aranges
                0x0000000000000690       0x80 src/lib/cub_f1013c8/Drivers/STM32F1xx_HAL_Driver/Src/stm32f1xx_hal_dma.o
 .debug_aranges
                0x0000000000000710       0x58 src/lib/cub_f1013c8/Drivers/STM32F1xx_HAL_Driver/Src/stm32f1xx_hal_gpio.o
 .debug_aranges
                0x0000000000000768       0x90 src/lib/cub_f1013c8/Drivers/STM32F1xx_HAL_Driver/Src/stm32f1xx_hal_rcc.o
 .debug_aranges
                0x00000000000007f8      0x1d0 src/lib/cub_f1013c8/Drivers/STM32F1xx_HAL_Driver/Src/stm32f1xx_hal_spi.o
 .debug_aranges
                0x00000000000009c8      0x200 src/lib/cub_f1013c8/Drivers/STM32F1xx_HAL_Driver/Src/stm32f1xx_hal_uart.o
 .debug_aranges
                0x0000000000000bc8       0x20 src/main.o

.debug_ranges   0x0000000000000000      0xab0
 .debug_ranges  0x0000000000000000       0x40 src/ap/ap.o
 .debug_ranges  0x0000000000000040       0x38 src/bsp/bsp.o
 .debug_ranges  0x0000000000000078       0x10 src/bsp/stm32f1xx_hal_msp.o
 .debug_ranges  0x0000000000000088       0x80 src/bsp/stm32f1xx_it.o
 .debug_ranges  0x0000000000000108       0x10 src/bsp/sysmem.o
 .debug_ranges  0x0000000000000118       0x18 src/bsp/system_stm32f1xx.o
 .debug_ranges  0x0000000000000130       0x20 src/bsp/startup/startup_stm32f103c8tx.o
 .debug_ranges  0x0000000000000150       0x38 src/common/core/qbuffer.o
 .debug_ranges  0x0000000000000188       0xe8 src/hw/driver/dfplayer.o
 .debug_ranges  0x0000000000000270       0x30 src/hw/driver/gpio.o
 .debug_ranges  0x00000000000002a0       0x28 src/hw/driver/led.o
 .debug_ranges  0x00000000000002c8       0x68 src/hw/driver/nrf24l01.o
 .debug_ranges  0x0000000000000330       0x20 src/hw/driver/spi.o
 .debug_ranges  0x0000000000000350       0x68 src/hw/driver/uart.o
 .debug_ranges  0x00000000000003b8       0x10 src/hw/hw.o
 .debug_ranges  0x00000000000003c8       0xd0 src/lib/cub_f1013c8/Drivers/STM32F1xx_HAL_Driver/Src/stm32f1xx_hal.o
 .debug_ranges  0x0000000000000498       0xf0 src/lib/cub_f1013c8/Drivers/STM32F1xx_HAL_Driver/Src/stm32f1xx_hal_cortex.o
 .debug_ranges  0x0000000000000588       0x70 src/lib/cub_f1013c8/Drivers/STM32F1xx_HAL_Driver/Src/stm32f1xx_hal_dma.o
 .debug_ranges  0x00000000000005f8       0x48 src/lib/cub_f1013c8/Drivers/STM32F1xx_HAL_Driver/Src/stm32f1xx_hal_gpio.o
 .debug_ranges  0x0000000000000640       0x80 src/lib/cub_f1013c8/Drivers/STM32F1xx_HAL_Driver/Src/stm32f1xx_hal_rcc.o
 .debug_ranges  0x00000000000006c0      0x1c0 src/lib/cub_f1013c8/Drivers/STM32F1xx_HAL_Driver/Src/stm32f1xx_hal_spi.o
 .debug_ranges  0x0000000000000880      0x220 src/lib/cub_f1013c8/Drivers/STM32F1xx_HAL_Driver/Src/stm32f1xx_hal_uart.o
 .debug_ranges  0x0000000000000aa0       0x10 src/main.o

.debug_macro    0x0000000000000000    0x19fd7
 .debug_macro   0x0000000000000000      0x3b4 src/ap/ap.o
 .debug_macro   0x00000000000003b4      0xa90 src/ap/ap.o
 .debug_macro   0x0000000000000e44       0x22 src/ap/ap.o
 .debug_macro   0x0000000000000e66       0x4c src/ap/ap.o
 .debug_macro   0x0000000000000eb2       0x18 src/ap/ap.o
 .debug_macro   0x0000000000000eca       0x94 src/ap/ap.o
 .debug_macro   0x0000000000000f5e       0x3c src/ap/ap.o
 .debug_macro   0x0000000000000f9a       0x34 src/ap/ap.o
 .debug_macro   0x0000000000000fce       0x16 src/ap/ap.o
 .debug_macro   0x0000000000000fe4       0x57 src/ap/ap.o
 .debug_macro   0x000000000000103b       0x97 src/ap/ap.o
 .debug_macro   0x00000000000010d2      0x339 src/ap/ap.o
 .debug_macro   0x000000000000140b       0xfd src/ap/ap.o
 .debug_macro   0x0000000000001508       0x10 src/ap/ap.o
 .debug_macro   0x0000000000001518       0x16 src/ap/ap.o
 .debug_macro   0x000000000000152e       0x43 src/ap/ap.o
 .debug_macro   0x0000000000001571       0x34 src/ap/ap.o
 .debug_macro   0x00000000000015a5       0x10 src/ap/ap.o
 .debug_macro   0x00000000000015b5       0x58 src/ap/ap.o
 .debug_macro   0x000000000000160d       0x71 src/ap/ap.o
 .debug_macro   0x000000000000167e       0x1c src/ap/ap.o
 .debug_macro   0x000000000000169a      0x12a src/ap/ap.o
 .debug_macro   0x00000000000017c4       0x10 src/ap/ap.o
 .debug_macro   0x00000000000017d4       0x6a src/ap/ap.o
 .debug_macro   0x000000000000183e       0x1c src/ap/ap.o
 .debug_macro   0x000000000000185a       0x52 src/ap/ap.o
 .debug_macro   0x00000000000018ac       0x22 src/ap/ap.o
 .debug_macro   0x00000000000018ce       0x10 src/ap/ap.o
 .debug_macro   0x00000000000018de       0x40 src/ap/ap.o
 .debug_macro   0x000000000000191e       0xd5 src/ap/ap.o
 .debug_macro   0x00000000000019f3       0x1c src/ap/ap.o
 .debug_macro   0x0000000000001a0f       0x3d src/ap/ap.o
 .debug_macro   0x0000000000001a4c       0x16 src/ap/ap.o
 .debug_macro   0x0000000000001a62      0x145 src/ap/ap.o
 .debug_macro   0x0000000000001ba7      0x103 src/ap/ap.o
 .debug_macro   0x0000000000001caa      0x1df src/ap/ap.o
 .debug_macro   0x0000000000001e89       0x22 src/ap/ap.o
 .debug_macro   0x0000000000001eab       0x4c src/ap/ap.o
 .debug_macro   0x0000000000001ef7       0x16 src/ap/ap.o
 .debug_macro   0x0000000000001f0d       0x35 src/ap/ap.o
 .debug_macro   0x0000000000001f42       0x16 src/ap/ap.o
 .debug_macro   0x0000000000001f58       0x29 src/ap/ap.o
 .debug_macro   0x0000000000001f81       0x4c src/ap/ap.o
 .debug_macro   0x0000000000001fcd      0x221 src/ap/ap.o
 .debug_macro   0x00000000000021ee       0x2e src/ap/ap.o
 .debug_macro   0x000000000000221c       0x22 src/ap/ap.o
 .debug_macro   0x000000000000223e       0x1c src/ap/ap.o
 .debug_macro   0x000000000000225a       0x22 src/ap/ap.o
 .debug_macro   0x000000000000227c       0xbd src/ap/ap.o
 .debug_macro   0x0000000000002339      0xd23 src/ap/ap.o
 .debug_macro   0x000000000000305c     0xe09e src/ap/ap.o
 .debug_macro   0x00000000000110fa       0x6d src/ap/ap.o
 .debug_macro   0x0000000000011167     0x3468 src/ap/ap.o
 .debug_macro   0x00000000000145cf       0x56 src/ap/ap.o
 .debug_macro   0x0000000000014625      0x5be src/ap/ap.o
 .debug_macro   0x0000000000014be3      0x289 src/ap/ap.o
 .debug_macro   0x0000000000014e6c      0x1cb src/ap/ap.o
 .debug_macro   0x0000000000015037      0x114 src/ap/ap.o
 .debug_macro   0x000000000001514b      0x1b2 src/ap/ap.o
 .debug_macro   0x00000000000152fd       0x27 src/ap/ap.o
 .debug_macro   0x0000000000015324      0x136 src/ap/ap.o
 .debug_macro   0x000000000001545a      0x1bc src/ap/ap.o
 .debug_macro   0x0000000000015616       0x34 src/ap/ap.o
 .debug_macro   0x000000000001564a       0x3c src/ap/ap.o
 .debug_macro   0x0000000000015686       0x57 src/ap/ap.o
 .debug_macro   0x00000000000156dd       0x88 src/ap/ap.o
 .debug_macro   0x0000000000015765      0x241 src/ap/ap.o
 .debug_macro   0x00000000000159a6      0x141 src/ap/ap.o
 .debug_macro   0x0000000000015ae7      0x217 src/ap/ap.o
 .debug_macro   0x0000000000015cfe      0x279 src/ap/ap.o
 .debug_macro   0x0000000000015f77       0x83 src/ap/ap.o
 .debug_macro   0x0000000000015ffa       0x3a src/ap/ap.o
 .debug_macro   0x0000000000016034      0x176 src/ap/ap.o
 .debug_macro   0x00000000000161aa       0x10 src/ap/ap.o
 .debug_macro   0x00000000000161ba      0x1b9 src/ap/ap.o
 .debug_macro   0x0000000000016373       0x10 src/ap/ap.o
 .debug_macro   0x0000000000016383      0x34f src/bsp/bsp.o
 .debug_macro   0x00000000000166d2      0x3b8 src/bsp/stm32f1xx_hal_msp.o
 .debug_macro   0x0000000000016a8a      0x3c2 src/bsp/stm32f1xx_it.o
 .debug_macro   0x0000000000016e4c       0xff src/bsp/sysmem.o
 .debug_macro   0x0000000000016f4b      0x23b src/bsp/sysmem.o
 .debug_macro   0x0000000000017186       0xc8 src/bsp/system_stm32f1xx.o
 .debug_macro   0x000000000001724e       0x8e src/bsp/system_stm32f1xx.o
 .debug_macro   0x00000000000172dc       0x51 src/bsp/system_stm32f1xx.o
 .debug_macro   0x000000000001732d       0xc3 src/bsp/system_stm32f1xx.o
 .debug_macro   0x00000000000173f0      0x220 src/common/core/qbuffer.o
 .debug_macro   0x0000000000017610      0x376 src/hw/driver/dfplayer.o
 .debug_macro   0x0000000000017986      0x1b3 src/hw/driver/dfplayer.o
 .debug_macro   0x0000000000017b39       0x10 src/hw/driver/dfplayer.o
 .debug_macro   0x0000000000017b49      0x36e src/hw/driver/gpio.o
 .debug_macro   0x0000000000017eb7      0x36e src/hw/driver/led.o
 .debug_macro   0x0000000000018225      0x36b src/hw/driver/nrf24l01.o
 .debug_macro   0x0000000000018590      0x362 src/hw/driver/spi.o
 .debug_macro   0x00000000000188f2      0x37e src/hw/driver/uart.o
 .debug_macro   0x0000000000018c70      0x3a4 src/hw/hw.o
 .debug_macro   0x0000000000019014      0x1b7 src/lib/cub_f1013c8/Drivers/STM32F1xx_HAL_Driver/Src/stm32f1xx_hal.o
 .debug_macro   0x00000000000191cb       0x5c src/lib/cub_f1013c8/Drivers/STM32F1xx_HAL_Driver/Src/stm32f1xx_hal.o
 .debug_macro   0x0000000000019227      0x193 src/lib/cub_f1013c8/Drivers/STM32F1xx_HAL_Driver/Src/stm32f1xx_hal_cortex.o
 .debug_macro   0x00000000000193ba      0x193 src/lib/cub_f1013c8/Drivers/STM32F1xx_HAL_Driver/Src/stm32f1xx_hal_dma.o
 .debug_macro   0x000000000001954d      0x1fe src/lib/cub_f1013c8/Drivers/STM32F1xx_HAL_Driver/Src/stm32f1xx_hal_gpio.o
 .debug_macro   0x000000000001974b      0x1a5 src/lib/cub_f1013c8/Drivers/STM32F1xx_HAL_Driver/Src/stm32f1xx_hal_rcc.o
 .debug_macro   0x00000000000198f0      0x19b src/lib/cub_f1013c8/Drivers/STM32F1xx_HAL_Driver/Src/stm32f1xx_hal_spi.o
 .debug_macro   0x0000000000019a8b      0x194 src/lib/cub_f1013c8/Drivers/STM32F1xx_HAL_Driver/Src/stm32f1xx_hal_uart.o
 .debug_macro   0x0000000000019c1f      0x3b8 src/main.o

.debug_line     0x0000000000000000    0x122a0
 .debug_line    0x0000000000000000      0xc84 src/ap/ap.o
 .debug_line    0x0000000000000c84      0xb58 src/bsp/bsp.o
 .debug_line    0x00000000000017dc      0xc0a src/bsp/stm32f1xx_hal_msp.o
 .debug_line    0x00000000000023e6      0xd5b src/bsp/stm32f1xx_it.o
 .debug_line    0x0000000000003141      0x4f7 src/bsp/sysmem.o
 .debug_line    0x0000000000003638      0x58b src/bsp/system_stm32f1xx.o
 .debug_line    0x0000000000003bc3       0x8a src/bsp/startup/startup_stm32f103c8tx.o
 .debug_line    0x0000000000003c4d      0x752 src/common/core/qbuffer.o
 .debug_line    0x000000000000439f      0xe4e src/hw/driver/dfplayer.o
 .debug_line    0x00000000000051ed      0xc0a src/hw/driver/gpio.o
 .debug_line    0x0000000000005df7      0xbb1 src/hw/driver/led.o
 .debug_line    0x00000000000069a8      0xd7d src/hw/driver/nrf24l01.o
 .debug_line    0x0000000000007725      0xb95 src/hw/driver/spi.o
 .debug_line    0x00000000000082ba      0xf70 src/hw/driver/uart.o
 .debug_line    0x000000000000922a      0xb62 src/hw/hw.o
 .debug_line    0x0000000000009d8c      0xabb src/lib/cub_f1013c8/Drivers/STM32F1xx_HAL_Driver/Src/stm32f1xx_hal.o
 .debug_line    0x000000000000a847      0xca3 src/lib/cub_f1013c8/Drivers/STM32F1xx_HAL_Driver/Src/stm32f1xx_hal_cortex.o
 .debug_line    0x000000000000b4ea      0xf13 src/lib/cub_f1013c8/Drivers/STM32F1xx_HAL_Driver/Src/stm32f1xx_hal_dma.o
 .debug_line    0x000000000000c3fd      0xb52 src/lib/cub_f1013c8/Drivers/STM32F1xx_HAL_Driver/Src/stm32f1xx_hal_gpio.o
 .debug_line    0x000000000000cf4f      0xec9 src/lib/cub_f1013c8/Drivers/STM32F1xx_HAL_Driver/Src/stm32f1xx_hal_rcc.o
 .debug_line    0x000000000000de18     0x1d40 src/lib/cub_f1013c8/Drivers/STM32F1xx_HAL_Driver/Src/stm32f1xx_hal_spi.o
 .debug_line    0x000000000000fb58     0x1b96 src/lib/cub_f1013c8/Drivers/STM32F1xx_HAL_Driver/Src/stm32f1xx_hal_uart.o
 .debug_line    0x00000000000116ee      0xbb2 src/main.o

.debug_str      0x0000000000000000    0x85a47
 .debug_str     0x0000000000000000    0x82c93 src/ap/ap.o
                                      0x83104 (size before relaxing)
 .debug_str     0x0000000000082c93      0x1d8 src/bsp/bsp.o
                                      0x82162 (size before relaxing)
 .debug_str     0x0000000000082e6b       0x66 src/bsp/stm32f1xx_hal_msp.o
                                      0x83120 (size before relaxing)
 .debug_str     0x0000000000082ed1      0x2fe src/bsp/stm32f1xx_it.o
                                      0x83392 (size before relaxing)
 .debug_str     0x00000000000831cf      0x4e8 src/bsp/sysmem.o
                                       0x6253 (size before relaxing)
 .debug_str     0x00000000000836b7       0x66 src/bsp/system_stm32f1xx.o
                                      0x546cf (size before relaxing)
 .debug_str     0x000000000008371d       0x39 src/bsp/startup/startup_stm32f103c8tx.o
                                         0x84 (size before relaxing)
 .debug_str     0x0000000000083756       0xb1 src/common/core/qbuffer.o
                                       0x845f (size before relaxing)
 .debug_str     0x0000000000083807      0x2bb src/hw/driver/dfplayer.o
                                      0x828f4 (size before relaxing)
 .debug_str     0x0000000000083ac2       0xf2 src/hw/driver/gpio.o
                                      0x82179 (size before relaxing)
 .debug_str     0x0000000000083bb4       0x48 src/hw/driver/led.o
                                      0x82140 (size before relaxing)
 .debug_str     0x0000000000083bfc      0x153 src/hw/driver/nrf24l01.o
                                      0x82be0 (size before relaxing)
 .debug_str     0x0000000000083d4f       0x50 src/hw/driver/spi.o
                                      0x824e3 (size before relaxing)
 .debug_str     0x0000000000083d9f      0x379 src/hw/driver/uart.o
                                      0x82970 (size before relaxing)
 .debug_str     0x0000000000084118       0x16 src/hw/hw.o
                                      0x8307c (size before relaxing)
 .debug_str     0x000000000008412e      0x30e src/lib/cub_f1013c8/Drivers/STM32F1xx_HAL_Driver/Src/stm32f1xx_hal.o
                                      0x7e2ee (size before relaxing)
 .debug_str     0x000000000008443c      0x314 src/lib/cub_f1013c8/Drivers/STM32F1xx_HAL_Driver/Src/stm32f1xx_hal_cortex.o
                                      0x7e2f6 (size before relaxing)
 .debug_str     0x0000000000084750      0x24e src/lib/cub_f1013c8/Drivers/STM32F1xx_HAL_Driver/Src/stm32f1xx_hal_dma.o
                                      0x7e038 (size before relaxing)
 .debug_str     0x000000000008499e      0x325 src/lib/cub_f1013c8/Drivers/STM32F1xx_HAL_Driver/Src/stm32f1xx_hal_gpio.o
                                      0x7e021 (size before relaxing)
 .debug_str     0x0000000000084cc3      0x263 src/lib/cub_f1013c8/Drivers/STM32F1xx_HAL_Driver/Src/stm32f1xx_hal_rcc.o
                                      0x7e05a (size before relaxing)
 .debug_str     0x0000000000084f26      0x55d src/lib/cub_f1013c8/Drivers/STM32F1xx_HAL_Driver/Src/stm32f1xx_hal_spi.o
                                      0x7e569 (size before relaxing)
 .debug_str     0x0000000000085483      0x5b1 src/lib/cub_f1013c8/Drivers/STM32F1xx_HAL_Driver/Src/stm32f1xx_hal_uart.o
                                      0x7e64c (size before relaxing)
 .debug_str     0x0000000000085a34       0x13 src/main.o
                                      0x83094 (size before relaxing)

.comment        0x0000000000000000       0x53
 .comment       0x0000000000000000       0x53 src/ap/ap.o
                                         0x54 (size before relaxing)
 .comment       0x0000000000000053       0x54 src/bsp/bsp.o
 .comment       0x0000000000000053       0x54 src/bsp/stm32f1xx_hal_msp.o
 .comment       0x0000000000000053       0x54 src/bsp/stm32f1xx_it.o
 .comment       0x0000000000000053       0x54 src/bsp/sysmem.o
 .comment       0x0000000000000053       0x54 src/bsp/system_stm32f1xx.o
 .comment       0x0000000000000053       0x54 src/common/core/qbuffer.o
 .comment       0x0000000000000053       0x54 src/hw/driver/dfplayer.o
 .comment       0x0000000000000053       0x54 src/hw/driver/gpio.o
 .comment       0x0000000000000053       0x54 src/hw/driver/led.o
 .comment       0x0000000000000053       0x54 src/hw/driver/nrf24l01.o
 .comment       0x0000000000000053       0x54 src/hw/driver/spi.o
 .comment       0x0000000000000053       0x54 src/hw/driver/uart.o
 .comment       0x0000000000000053       0x54 src/hw/hw.o
 .comment       0x0000000000000053       0x54 src/lib/cub_f1013c8/Drivers/STM32F1xx_HAL_Driver/Src/stm32f1xx_hal.o
 .comment       0x0000000000000053       0x54 src/lib/cub_f1013c8/Drivers/STM32F1xx_HAL_Driver/Src/stm32f1xx_hal_cortex.o
 .comment       0x0000000000000053       0x54 src/lib/cub_f1013c8/Drivers/STM32F1xx_HAL_Driver/Src/stm32f1xx_hal_dma.o
 .comment       0x0000000000000053       0x54 src/lib/cub_f1013c8/Drivers/STM32F1xx_HAL_Driver/Src/stm32f1xx_hal_gpio.o
 .comment       0x0000000000000053       0x54 src/lib/cub_f1013c8/Drivers/STM32F1xx_HAL_Driver/Src/stm32f1xx_hal_rcc.o
 .comment       0x0000000000000053       0x54 src/lib/cub_f1013c8/Drivers/STM32F1xx_HAL_Driver/Src/stm32f1xx_hal_spi.o
 .comment       0x0000000000000053       0x54 src/lib/cub_f1013c8/Drivers/STM32F1xx_HAL_Driver/Src/stm32f1xx_hal_uart.o
 .comment       0x0000000000000053       0x54 src/main.o

.debug_frame    0x0000000000000000     0x30f4
 .debug_frame   0x0000000000000000       0xe8 src/ap/ap.o
 .debug_frame   0x00000000000000e8       0xd8 src/bsp/bsp.o
 .debug_frame   0x00000000000001c0       0x38 src/bsp/stm32f1xx_hal_msp.o
 .debug_frame   0x00000000000001f8      0x1ac src/bsp/stm32f1xx_it.o
 .debug_frame   0x00000000000003a4       0x34 src/bsp/sysmem.o
 .debug_frame   0x00000000000003d8       0x58 src/bsp/system_stm32f1xx.o
 .debug_frame   0x0000000000000430       0xf8 src/common/core/qbuffer.o
 .debug_frame   0x0000000000000528      0x3a4 src/hw/driver/dfplayer.o
 .debug_frame   0x00000000000008cc       0xc8 src/hw/driver/gpio.o
 .debug_frame   0x0000000000000994       0xa0 src/hw/driver/led.o
 .debug_frame   0x0000000000000a34      0x1b8 src/hw/driver/nrf24l01.o
 .debug_frame   0x0000000000000bec       0x74 src/hw/driver/spi.o
 .debug_frame   0x0000000000000c60      0x1ec src/hw/driver/uart.o
 .debug_frame   0x0000000000000e4c       0x2c src/hw/hw.o
 .debug_frame   0x0000000000000e78      0x334 src/lib/cub_f1013c8/Drivers/STM32F1xx_HAL_Driver/Src/stm32f1xx_hal.o
 .debug_frame   0x00000000000011ac      0x428 src/lib/cub_f1013c8/Drivers/STM32F1xx_HAL_Driver/Src/stm32f1xx_hal_cortex.o
 .debug_frame   0x00000000000015d4      0x208 src/lib/cub_f1013c8/Drivers/STM32F1xx_HAL_Driver/Src/stm32f1xx_hal_dma.o
 .debug_frame   0x00000000000017dc      0x14c src/lib/cub_f1013c8/Drivers/STM32F1xx_HAL_Driver/Src/stm32f1xx_hal_gpio.o
 .debug_frame   0x0000000000001928      0x21c src/lib/cub_f1013c8/Drivers/STM32F1xx_HAL_Driver/Src/stm32f1xx_hal_rcc.o
 .debug_frame   0x0000000000001b44      0x824 src/lib/cub_f1013c8/Drivers/STM32F1xx_HAL_Driver/Src/stm32f1xx_hal_spi.o
 .debug_frame   0x0000000000002368      0x914 src/lib/cub_f1013c8/Drivers/STM32F1xx_HAL_Driver/Src/stm32f1xx_hal_uart.o
 .debug_frame   0x0000000000002c7c       0x2c src/main.o
 .debug_frame   0x0000000000002ca8       0x20 c:/st/stm32cubeide_1.6.0/stm32cubeide/plugins/com.st.stm32cube.ide.mcu.externaltools.gnu-tools-for-stm32.9-2020-q2-update.win32_1.5.0.202011040924/tools/bin/../lib/gcc/arm-none-eabi/9.3.1/../../../../arm-none-eabi/lib/thumb/v7-m/nofp\libc_nano.a(lib_a-errno.o)
 .debug_frame   0x0000000000002cc8       0x2c c:/st/stm32cubeide_1.6.0/stm32cubeide/plugins/com.st.stm32cube.ide.mcu.externaltools.gnu-tools-for-stm32.9-2020-q2-update.win32_1.5.0.202011040924/tools/bin/../lib/gcc/arm-none-eabi/9.3.1/../../../../arm-none-eabi/lib/thumb/v7-m/nofp\libc_nano.a(lib_a-init.o)
 .debug_frame   0x0000000000002cf4       0x20 c:/st/stm32cubeide_1.6.0/stm32cubeide/plugins/com.st.stm32cube.ide.mcu.externaltools.gnu-tools-for-stm32.9-2020-q2-update.win32_1.5.0.202011040924/tools/bin/../lib/gcc/arm-none-eabi/9.3.1/../../../../arm-none-eabi/lib/thumb/v7-m/nofp\libc_nano.a(lib_a-memset.o)
 .debug_frame   0x0000000000002d14       0x4c c:/st/stm32cubeide_1.6.0/stm32cubeide/plugins/com.st.stm32cube.ide.mcu.externaltools.gnu-tools-for-stm32.9-2020-q2-update.win32_1.5.0.202011040924/tools/bin/../lib/gcc/arm-none-eabi/9.3.1/../../../../arm-none-eabi/lib/thumb/v7-m/nofp\libc_nano.a(lib_a-vsnprintf.o)
 .debug_frame   0x0000000000002d60       0x90 c:/st/stm32cubeide_1.6.0/stm32cubeide/plugins/com.st.stm32cube.ide.mcu.externaltools.gnu-tools-for-stm32.9-2020-q2-update.win32_1.5.0.202011040924/tools/bin/../lib/gcc/arm-none-eabi/9.3.1/../../../../arm-none-eabi/lib/thumb/v7-m/nofp\libc_nano.a(lib_a-nano-svfprintf.o)
 .debug_frame   0x0000000000002df0       0x60 c:/st/stm32cubeide_1.6.0/stm32cubeide/plugins/com.st.stm32cube.ide.mcu.externaltools.gnu-tools-for-stm32.9-2020-q2-update.win32_1.5.0.202011040924/tools/bin/../lib/gcc/arm-none-eabi/9.3.1/../../../../arm-none-eabi/lib/thumb/v7-m/nofp\libc_nano.a(lib_a-nano-vfprintf_i.o)
 .debug_frame   0x0000000000002e50       0x28 c:/st/stm32cubeide_1.6.0/stm32cubeide/plugins/com.st.stm32cube.ide.mcu.externaltools.gnu-tools-for-stm32.9-2020-q2-update.win32_1.5.0.202011040924/tools/bin/../lib/gcc/arm-none-eabi/9.3.1/../../../../arm-none-eabi/lib/thumb/v7-m/nofp\libc_nano.a(lib_a-memchr-stub.o)
 .debug_frame   0x0000000000002e78       0x28 c:/st/stm32cubeide_1.6.0/stm32cubeide/plugins/com.st.stm32cube.ide.mcu.externaltools.gnu-tools-for-stm32.9-2020-q2-update.win32_1.5.0.202011040924/tools/bin/../lib/gcc/arm-none-eabi/9.3.1/../../../../arm-none-eabi/lib/thumb/v7-m/nofp\libc_nano.a(lib_a-memcpy-stub.o)
 .debug_frame   0x0000000000002ea0       0x28 c:/st/stm32cubeide_1.6.0/stm32cubeide/plugins/com.st.stm32cube.ide.mcu.externaltools.gnu-tools-for-stm32.9-2020-q2-update.win32_1.5.0.202011040924/tools/bin/../lib/gcc/arm-none-eabi/9.3.1/../../../../arm-none-eabi/lib/thumb/v7-m/nofp\libc_nano.a(lib_a-memmove.o)
 .debug_frame   0x0000000000002ec8       0x38 c:/st/stm32cubeide_1.6.0/stm32cubeide/plugins/com.st.stm32cube.ide.mcu.externaltools.gnu-tools-for-stm32.9-2020-q2-update.win32_1.5.0.202011040924/tools/bin/../lib/gcc/arm-none-eabi/9.3.1/../../../../arm-none-eabi/lib/thumb/v7-m/nofp\libc_nano.a(lib_a-nano-freer.o)
 .debug_frame   0x0000000000002f00       0x30 c:/st/stm32cubeide_1.6.0/stm32cubeide/plugins/com.st.stm32cube.ide.mcu.externaltools.gnu-tools-for-stm32.9-2020-q2-update.win32_1.5.0.202011040924/tools/bin/../lib/gcc/arm-none-eabi/9.3.1/../../../../arm-none-eabi/lib/thumb/v7-m/nofp\libc_nano.a(lib_a-nano-mallocr.o)
 .debug_frame   0x0000000000002f30       0x3c c:/st/stm32cubeide_1.6.0/stm32cubeide/plugins/com.st.stm32cube.ide.mcu.externaltools.gnu-tools-for-stm32.9-2020-q2-update.win32_1.5.0.202011040924/tools/bin/../lib/gcc/arm-none-eabi/9.3.1/../../../../arm-none-eabi/lib/thumb/v7-m/nofp\libc_nano.a(lib_a-nano-reallocr.o)
 .debug_frame   0x0000000000002f6c       0x2c c:/st/stm32cubeide_1.6.0/stm32cubeide/plugins/com.st.stm32cube.ide.mcu.externaltools.gnu-tools-for-stm32.9-2020-q2-update.win32_1.5.0.202011040924/tools/bin/../lib/gcc/arm-none-eabi/9.3.1/../../../../arm-none-eabi/lib/thumb/v7-m/nofp\libc_nano.a(lib_a-sbrkr.o)
 .debug_frame   0x0000000000002f98       0x30 c:/st/stm32cubeide_1.6.0/stm32cubeide/plugins/com.st.stm32cube.ide.mcu.externaltools.gnu-tools-for-stm32.9-2020-q2-update.win32_1.5.0.202011040924/tools/bin/../lib/gcc/arm-none-eabi/9.3.1/../../../../arm-none-eabi/lib/thumb/v7-m/nofp\libc_nano.a(lib_a-mlock.o)
 .debug_frame   0x0000000000002fc8       0x20 c:/st/stm32cubeide_1.6.0/stm32cubeide/plugins/com.st.stm32cube.ide.mcu.externaltools.gnu-tools-for-stm32.9-2020-q2-update.win32_1.5.0.202011040924/tools/bin/../lib/gcc/arm-none-eabi/9.3.1/../../../../arm-none-eabi/lib/thumb/v7-m/nofp\libc_nano.a(lib_a-nano-msizer.o)
 .debug_frame   0x0000000000002fe8       0x5c c:/st/stm32cubeide_1.6.0/stm32cubeide/plugins/com.st.stm32cube.ide.mcu.externaltools.gnu-tools-for-stm32.9-2020-q2-update.win32_1.5.0.202011040924/tools/bin/../lib/gcc/arm-none-eabi/9.3.1/../../../../arm-none-eabi/lib/thumb/v7-m/nofp\libc_nano.a(lib_a-reent.o)
 .debug_frame   0x0000000000003044       0xb0 c:/st/stm32cubeide_1.6.0/stm32cubeide/plugins/com.st.stm32cube.ide.mcu.externaltools.gnu-tools-for-stm32.9-2020-q2-update.win32_1.5.0.202011040924/tools/bin/../lib/gcc/arm-none-eabi/9.3.1/../../../../arm-none-eabi/lib/thumb/v7-m/nofp\libc_nano.a(lib_a-lock.o)
