dfplayer.c:37:6:dfplayer_SendControlMessage	24	static
dfplayer.c:71:10:dfplayer_Checksum	16	static
dfplayer.c:92:6:dfplayer_Init	8	static
dfplayer.c:103:6:dfplayer_Next	8	static
dfplayer.c:114:6:dfplayer_Previous	8	static
dfplayer.c:127:6:dfplayer_SetTrakNumber	16	static
dfplayer.c:137:6:dfplayer_IncreaseVolume	8	static
dfplayer.c:148:6:dfplayer_DecreaseVolume	8	static
dfplayer.c:160:6:dfplayer_SetVolume	16	static
dfplayer.c:182:6:dfplayer_SetEQ	16	static
dfplayer.c:198:6:dfplayer_RepeatTrack	16	static
dfplayer.c:214:6:dfplayer_SetSource	16	static
dfplayer.c:233:6:dfplayer_Standby	8	static
dfplayer.c:244:6:dfplayer_Reset	8	static
dfplayer.c:255:6:dfplayer_Play	8	static
dfplayer.c:266:6:dfplayer_Pause	8	static
dfplayer.c:279:6:dfplayer_PlayTrackInFolder	16	static
dfplayer.c:302:6:dfplayer_VolumeAdjust	16	static
dfplayer.c:320:6:dfplayer_RepeatAll	16	static
dfplayer.c:332:6:dfplayer_PlayMP3Folder	16	static
dfplayer.c:344:6:dfplayer_InsertAdvertisement	16	static
dfplayer.c:356:6:dfplayer_Play3KFolder	16	static
dfplayer.c:377:6:dfplayer_StopAdvertisement	8	static
dfplayer.c:390:6:dfplayer_Stop	8	static
dfplayer.c:402:6:dfplayer_RepeatTrackInFolder	16	static
dfplayer.c:418:6:dfplayer_RandomTrack	8	static
dfplayer.c:430:6:dfplayer_RepeatCurrentTrack	16	static
dfplayer.c:442:6:dfplayer_SetDAC	16	static
