21:17:38 **** Incremental Build of configuration Debug for project stm32f103_fw_module ****
make -j4 all 
arm-none-eabi-gcc "../src/hw/driver/nrf24l01.c" -mcpu=cortex-m3 -std=gnu11 -g3 -DSTM32F103xB -c -I"C:/STM32 Coding files/stmf103_module_drivers_set/stm32f103_fw_module/src" -I"C:/STM32 Coding files/stmf103_module_drivers_set/stm32f103_fw_module/src/ap" -I"C:/STM32 Coding files/stmf103_module_drivers_set/stm32f103_fw_module/src/bsp" -I"C:/STM32 Coding files/stmf103_module_drivers_set/stm32f103_fw_module/src/common" -I"C:/STM32 Coding files/stmf103_module_drivers_set/stm32f103_fw_module/src/common/core" -I"C:/STM32 Coding files/stmf103_module_drivers_set/stm32f103_fw_module/src/common/hw/include" -I"C:/STM32 Coding files/stmf103_module_drivers_set/stm32f103_fw_module/src/hw" -I"C:/STM32 Coding files/stmf103_module_drivers_set/stm32f103_fw_module/src/lib" -I"C:/STM32 Coding files/stmf103_module_drivers_set/stm32f103_fw_module/src/lib/cub_f1013c8/Drivers/CMSIS/Device/ST/STM32F1xx/Include" -I"C:/STM32 Coding files/stmf103_module_drivers_set/stm32f103_fw_module/src/lib/cub_f1013c8/Drivers/CMSIS/Include" -I"C:/STM32 Coding files/stmf103_module_drivers_set/stm32f103_fw_module/src/lib/cub_f1013c8/Drivers/STM32F1xx_HAL_Driver/Inc" -O0 -ffunction-sections -fdata-sections -Wall -fstack-usage -MMD -MP -MF"src/hw/driver/nrf24l01.d" -MT"src/hw/driver/nrf24l01.o" --specs=nano.specs -mfloat-abi=soft -mthumb -o "src/hw/driver/nrf24l01.o"
arm-none-eabi-gcc "../src/hw/hw.c" -mcpu=cortex-m3 -std=gnu11 -g3 -DSTM32F103xB -c -I"C:/STM32 Coding files/stmf103_module_drivers_set/stm32f103_fw_module/src" -I"C:/STM32 Coding files/stmf103_module_drivers_set/stm32f103_fw_module/src/ap" -I"C:/STM32 Coding files/stmf103_module_drivers_set/stm32f103_fw_module/src/bsp" -I"C:/STM32 Coding files/stmf103_module_drivers_set/stm32f103_fw_module/src/common" -I"C:/STM32 Coding files/stmf103_module_drivers_set/stm32f103_fw_module/src/common/core" -I"C:/STM32 Coding files/stmf103_module_drivers_set/stm32f103_fw_module/src/common/hw/include" -I"C:/STM32 Coding files/stmf103_module_drivers_set/stm32f103_fw_module/src/hw" -I"C:/STM32 Coding files/stmf103_module_drivers_set/stm32f103_fw_module/src/lib" -I"C:/STM32 Coding files/stmf103_module_drivers_set/stm32f103_fw_module/src/lib/cub_f1013c8/Drivers/CMSIS/Device/ST/STM32F1xx/Include" -I"C:/STM32 Coding files/stmf103_module_drivers_set/stm32f103_fw_module/src/lib/cub_f1013c8/Drivers/CMSIS/Include" -I"C:/STM32 Coding files/stmf103_module_drivers_set/stm32f103_fw_module/src/lib/cub_f1013c8/Drivers/STM32F1xx_HAL_Driver/Inc" -O0 -ffunction-sections -fdata-sections -Wall -fstack-usage -MMD -MP -MF"src/hw/hw.d" -MT"src/hw/hw.o" --specs=nano.specs -mfloat-abi=soft -mthumb -o "src/hw/hw.o"
arm-none-eabi-gcc "../src/bsp/stm32f1xx_hal_msp.c" -mcpu=cortex-m3 -std=gnu11 -g3 -DSTM32F103xB -c -I"C:/STM32 Coding files/stmf103_module_drivers_set/stm32f103_fw_module/src" -I"C:/STM32 Coding files/stmf103_module_drivers_set/stm32f103_fw_module/src/ap" -I"C:/STM32 Coding files/stmf103_module_drivers_set/stm32f103_fw_module/src/bsp" -I"C:/STM32 Coding files/stmf103_module_drivers_set/stm32f103_fw_module/src/common" -I"C:/STM32 Coding files/stmf103_module_drivers_set/stm32f103_fw_module/src/common/core" -I"C:/STM32 Coding files/stmf103_module_drivers_set/stm32f103_fw_module/src/common/hw/include" -I"C:/STM32 Coding files/stmf103_module_drivers_set/stm32f103_fw_module/src/hw" -I"C:/STM32 Coding files/stmf103_module_drivers_set/stm32f103_fw_module/src/lib" -I"C:/STM32 Coding files/stmf103_module_drivers_set/stm32f103_fw_module/src/lib/cub_f1013c8/Drivers/CMSIS/Device/ST/STM32F1xx/Include" -I"C:/STM32 Coding files/stmf103_module_drivers_set/stm32f103_fw_module/src/lib/cub_f1013c8/Drivers/CMSIS/Include" -I"C:/STM32 Coding files/stmf103_module_drivers_set/stm32f103_fw_module/src/lib/cub_f1013c8/Drivers/STM32F1xx_HAL_Driver/Inc" -O0 -ffunction-sections -fdata-sections -Wall -fstack-usage -MMD -MP -MF"src/bsp/stm32f1xx_hal_msp.d" -MT"src/bsp/stm32f1xx_hal_msp.o" --specs=nano.specs -mfloat-abi=soft -mthumb -o "src/bsp/stm32f1xx_hal_msp.o"
arm-none-eabi-gcc "../src/bsp/stm32f1xx_it.c" -mcpu=cortex-m3 -std=gnu11 -g3 -DSTM32F103xB -c -I"C:/STM32 Coding files/stmf103_module_drivers_set/stm32f103_fw_module/src" -I"C:/STM32 Coding files/stmf103_module_drivers_set/stm32f103_fw_module/src/ap" -I"C:/STM32 Coding files/stmf103_module_drivers_set/stm32f103_fw_module/src/bsp" -I"C:/STM32 Coding files/stmf103_module_drivers_set/stm32f103_fw_module/src/common" -I"C:/STM32 Coding files/stmf103_module_drivers_set/stm32f103_fw_module/src/common/core" -I"C:/STM32 Coding files/stmf103_module_drivers_set/stm32f103_fw_module/src/common/hw/include" -I"C:/STM32 Coding files/stmf103_module_drivers_set/stm32f103_fw_module/src/hw" -I"C:/STM32 Coding files/stmf103_module_drivers_set/stm32f103_fw_module/src/lib" -I"C:/STM32 Coding files/stmf103_module_drivers_set/stm32f103_fw_module/src/lib/cub_f1013c8/Drivers/CMSIS/Device/ST/STM32F1xx/Include" -I"C:/STM32 Coding files/stmf103_module_drivers_set/stm32f103_fw_module/src/lib/cub_f1013c8/Drivers/CMSIS/Include" -I"C:/STM32 Coding files/stmf103_module_drivers_set/stm32f103_fw_module/src/lib/cub_f1013c8/Drivers/STM32F1xx_HAL_Driver/Inc" -O0 -ffunction-sections -fdata-sections -Wall -fstack-usage -MMD -MP -MF"src/bsp/stm32f1xx_it.d" -MT"src/bsp/stm32f1xx_it.o" --specs=nano.specs -mfloat-abi=soft -mthumb -o "src/bsp/stm32f1xx_it.o"
arm-none-eabi-gcc "../src/ap/ap.c" -mcpu=cortex-m3 -std=gnu11 -g3 -DSTM32F103xB -c -I"C:/STM32 Coding files/stmf103_module_drivers_set/stm32f103_fw_module/src" -I"C:/STM32 Coding files/stmf103_module_drivers_set/stm32f103_fw_module/src/ap" -I"C:/STM32 Coding files/stmf103_module_drivers_set/stm32f103_fw_module/src/bsp" -I"C:/STM32 Coding files/stmf103_module_drivers_set/stm32f103_fw_module/src/common" -I"C:/STM32 Coding files/stmf103_module_drivers_set/stm32f103_fw_module/src/common/core" -I"C:/STM32 Coding files/stmf103_module_drivers_set/stm32f103_fw_module/src/common/hw/include" -I"C:/STM32 Coding files/stmf103_module_drivers_set/stm32f103_fw_module/src/hw" -I"C:/STM32 Coding files/stmf103_module_drivers_set/stm32f103_fw_module/src/lib" -I"C:/STM32 Coding files/stmf103_module_drivers_set/stm32f103_fw_module/src/lib/cub_f1013c8/Drivers/CMSIS/Device/ST/STM32F1xx/Include" -I"C:/STM32 Coding files/stmf103_module_drivers_set/stm32f103_fw_module/src/lib/cub_f1013c8/Drivers/CMSIS/Include" -I"C:/STM32 Coding files/stmf103_module_drivers_set/stm32f103_fw_module/src/lib/cub_f1013c8/Drivers/STM32F1xx_HAL_Driver/Inc" -O0 -ffunction-sections -fdata-sections -Wall -fstack-usage -MMD -MP -MF"src/ap/ap.d" -MT"src/ap/ap.o" --specs=nano.specs -mfloat-abi=soft -mthumb -o "src/ap/ap.o"
arm-none-eabi-gcc "../src/main.c" -mcpu=cortex-m3 -std=gnu11 -g3 -DSTM32F103xB -c -I"C:/STM32 Coding files/stmf103_module_drivers_set/stm32f103_fw_module/src" -I"C:/STM32 Coding files/stmf103_module_drivers_set/stm32f103_fw_module/src/ap" -I"C:/STM32 Coding files/stmf103_module_drivers_set/stm32f103_fw_module/src/bsp" -I"C:/STM32 Coding files/stmf103_module_drivers_set/stm32f103_fw_module/src/common" -I"C:/STM32 Coding files/stmf103_module_drivers_set/stm32f103_fw_module/src/common/core" -I"C:/STM32 Coding files/stmf103_module_drivers_set/stm32f103_fw_module/src/common/hw/include" -I"C:/STM32 Coding files/stmf103_module_drivers_set/stm32f103_fw_module/src/hw" -I"C:/STM32 Coding files/stmf103_module_drivers_set/stm32f103_fw_module/src/lib" -I"C:/STM32 Coding files/stmf103_module_drivers_set/stm32f103_fw_module/src/lib/cub_f1013c8/Drivers/CMSIS/Device/ST/STM32F1xx/Include" -I"C:/STM32 Coding files/stmf103_module_drivers_set/stm32f103_fw_module/src/lib/cub_f1013c8/Drivers/CMSIS/Include" -I"C:/STM32 Coding files/stmf103_module_drivers_set/stm32f103_fw_module/src/lib/cub_f1013c8/Drivers/STM32F1xx_HAL_Driver/Inc" -O0 -ffunction-sections -fdata-sections -Wall -fstack-usage -MMD -MP -MF"src/main.d" -MT"src/main.o" --specs=nano.specs -mfloat-abi=soft -mthumb -o "src/main.o"
arm-none-eabi-gcc -o "stm32f103_fw_module.elf" @"objects.list"   -mcpu=cortex-m3 -T"C:\STM32 Coding files\stmf103_module_drivers_set\stm32f103_fw_module\src\bsp\ldscript\STM32F103C8TX_FLASH.ld" --specs=nosys.specs -Wl,-Map="stm32f103_fw_module.map" -Wl,--gc-sections -static --specs=nano.specs -mfloat-abi=soft -mthumb -Wl,--start-group -lc -lm -Wl,--end-group
Finished building target: stm32f103_fw_module.elf
 
arm-none-eabi-objdump -h -S  stm32f103_fw_module.elf  > "stm32f103_fw_module.list"
arm-none-eabi-objcopy  -O ihex  stm32f103_fw_module.elf  "stm32f103_fw_module.hex"
arm-none-eabi-objcopy  -O binary  stm32f103_fw_module.elf  "stm32f103_fw_module.bin"
arm-none-eabi-size   stm32f103_fw_module.elf 
   text	   data	    bss	    dec	    hex	filename
  18332	    140	   2644	  21116	   527c	stm32f103_fw_module.elf
Finished building: default.size.stdout
 
Finished building: stm32f103_fw_module.hex
Finished building: stm32f103_fw_module.bin
 
 
Finished building: stm32f103_fw_module.list
 

21:17:47 Build Finished. 0 errors, 0 warnings. (took 8s.442ms)

